Component: ARM Compiler 5.06 update 2 (build 183) Tool: armlink [4d35b7]

==============================================================================

Section Cross References

    system_stm32f0xx.o(i.SystemCoreClockUpdate) refers to uidiv.o(.text) for __aeabi_uidivmod
    system_stm32f0xx.o(i.SystemCoreClockUpdate) refers to system_stm32f0xx.o(.data) for .data
    system_stm32f0xx.o(i.SystemCoreClockUpdate) refers to system_stm32f0xx.o(.constdata) for .constdata
    stm32f0xx_hal_gpio.o(i.HAL_GPIO_EXTI_IRQHandler) refers to stm32f0xx_hal_gpio.o(i.HAL_GPIO_EXTI_Callback) for HAL_GPIO_EXTI_Callback
    stm32f0xx_hal_i2c.o(i.HAL_I2C_DeInit) refers to i2c.o(i.HAL_I2C_MspDeInit) for HAL_I2C_MspDeInit
    stm32f0xx_hal_i2c.o(i.HAL_I2C_DisableListen_IT) refers to stm32f0xx_hal_i2c.o(i.I2C_Disable_IRQ) for I2C_Disable_IRQ
    stm32f0xx_hal_i2c.o(i.HAL_I2C_ER_IRQHandler) refers to stm32f0xx_hal_i2c.o(i.I2C_ITError) for I2C_ITError
    stm32f0xx_hal_i2c.o(i.HAL_I2C_EnableListen_IT) refers to stm32f0xx_hal_i2c.o(i.I2C_Enable_IRQ) for I2C_Enable_IRQ
    stm32f0xx_hal_i2c.o(i.HAL_I2C_EnableListen_IT) refers to stm32f0xx_hal_i2c.o(i.I2C_Slave_ISR_IT) for I2C_Slave_ISR_IT
    stm32f0xx_hal_i2c.o(i.HAL_I2C_Init) refers to i2c.o(i.HAL_I2C_MspInit) for HAL_I2C_MspInit
    stm32f0xx_hal_i2c.o(i.HAL_I2C_IsDeviceReady) refers to stm32f0xx_hal.o(i.HAL_GetTick) for HAL_GetTick
    stm32f0xx_hal_i2c.o(i.HAL_I2C_IsDeviceReady) refers to stm32f0xx_hal_i2c.o(i.I2C_WaitOnFlagUntilTimeout) for I2C_WaitOnFlagUntilTimeout
    stm32f0xx_hal_i2c.o(i.HAL_I2C_Master_Abort_IT) refers to stm32f0xx_hal_i2c.o(i.I2C_Disable_IRQ) for I2C_Disable_IRQ
    stm32f0xx_hal_i2c.o(i.HAL_I2C_Master_Abort_IT) refers to stm32f0xx_hal_i2c.o(i.I2C_TransferConfig) for I2C_TransferConfig
    stm32f0xx_hal_i2c.o(i.HAL_I2C_Master_Abort_IT) refers to stm32f0xx_hal_i2c.o(i.I2C_Enable_IRQ) for I2C_Enable_IRQ
    stm32f0xx_hal_i2c.o(i.HAL_I2C_Master_Receive) refers to stm32f0xx_hal.o(i.HAL_GetTick) for HAL_GetTick
    stm32f0xx_hal_i2c.o(i.HAL_I2C_Master_Receive) refers to stm32f0xx_hal_i2c.o(i.I2C_WaitOnFlagUntilTimeout) for I2C_WaitOnFlagUntilTimeout
    stm32f0xx_hal_i2c.o(i.HAL_I2C_Master_Receive) refers to stm32f0xx_hal_i2c.o(i.I2C_TransferConfig) for I2C_TransferConfig
    stm32f0xx_hal_i2c.o(i.HAL_I2C_Master_Receive) refers to stm32f0xx_hal_i2c.o(i.I2C_WaitOnRXNEFlagUntilTimeout) for I2C_WaitOnRXNEFlagUntilTimeout
    stm32f0xx_hal_i2c.o(i.HAL_I2C_Master_Receive) refers to stm32f0xx_hal_i2c.o(i.I2C_WaitOnSTOPFlagUntilTimeout) for I2C_WaitOnSTOPFlagUntilTimeout
    stm32f0xx_hal_i2c.o(i.HAL_I2C_Master_Receive_DMA) refers to stm32f0xx_hal_dma.o(i.HAL_DMA_Start_IT) for HAL_DMA_Start_IT
    stm32f0xx_hal_i2c.o(i.HAL_I2C_Master_Receive_DMA) refers to stm32f0xx_hal_i2c.o(i.I2C_TransferConfig) for I2C_TransferConfig
    stm32f0xx_hal_i2c.o(i.HAL_I2C_Master_Receive_DMA) refers to stm32f0xx_hal_i2c.o(i.I2C_Enable_IRQ) for I2C_Enable_IRQ
    stm32f0xx_hal_i2c.o(i.HAL_I2C_Master_Receive_DMA) refers to stm32f0xx_hal_i2c.o(i.I2C_Master_ISR_DMA) for I2C_Master_ISR_DMA
    stm32f0xx_hal_i2c.o(i.HAL_I2C_Master_Receive_DMA) refers to stm32f0xx_hal_i2c.o(i.I2C_DMAMasterReceiveCplt) for I2C_DMAMasterReceiveCplt
    stm32f0xx_hal_i2c.o(i.HAL_I2C_Master_Receive_DMA) refers to stm32f0xx_hal_i2c.o(i.I2C_DMAError) for I2C_DMAError
    stm32f0xx_hal_i2c.o(i.HAL_I2C_Master_Receive_DMA) refers to stm32f0xx_hal_i2c.o(i.I2C_Master_ISR_IT) for I2C_Master_ISR_IT
    stm32f0xx_hal_i2c.o(i.HAL_I2C_Master_Receive_IT) refers to stm32f0xx_hal_i2c.o(i.I2C_TransferConfig) for I2C_TransferConfig
    stm32f0xx_hal_i2c.o(i.HAL_I2C_Master_Receive_IT) refers to stm32f0xx_hal_i2c.o(i.I2C_Enable_IRQ) for I2C_Enable_IRQ
    stm32f0xx_hal_i2c.o(i.HAL_I2C_Master_Receive_IT) refers to stm32f0xx_hal_i2c.o(i.I2C_Master_ISR_IT) for I2C_Master_ISR_IT
    stm32f0xx_hal_i2c.o(i.HAL_I2C_Master_Sequential_Receive_IT) refers to stm32f0xx_hal_i2c.o(i.I2C_TransferConfig) for I2C_TransferConfig
    stm32f0xx_hal_i2c.o(i.HAL_I2C_Master_Sequential_Receive_IT) refers to stm32f0xx_hal_i2c.o(i.I2C_Enable_IRQ) for I2C_Enable_IRQ
    stm32f0xx_hal_i2c.o(i.HAL_I2C_Master_Sequential_Receive_IT) refers to stm32f0xx_hal_i2c.o(i.I2C_Master_ISR_IT) for I2C_Master_ISR_IT
    stm32f0xx_hal_i2c.o(i.HAL_I2C_Master_Sequential_Transmit_IT) refers to stm32f0xx_hal_i2c.o(i.I2C_TransferConfig) for I2C_TransferConfig
    stm32f0xx_hal_i2c.o(i.HAL_I2C_Master_Sequential_Transmit_IT) refers to stm32f0xx_hal_i2c.o(i.I2C_Enable_IRQ) for I2C_Enable_IRQ
    stm32f0xx_hal_i2c.o(i.HAL_I2C_Master_Sequential_Transmit_IT) refers to stm32f0xx_hal_i2c.o(i.I2C_Master_ISR_IT) for I2C_Master_ISR_IT
    stm32f0xx_hal_i2c.o(i.HAL_I2C_Master_Transmit) refers to stm32f0xx_hal.o(i.HAL_GetTick) for HAL_GetTick
    stm32f0xx_hal_i2c.o(i.HAL_I2C_Master_Transmit) refers to stm32f0xx_hal_i2c.o(i.I2C_WaitOnFlagUntilTimeout) for I2C_WaitOnFlagUntilTimeout
[...]

    ../Drivers/STM32F0xx_HAL_Driver/Src/stm32f0xx_hal.c 0x00000000   Number         0  stm32f0xx_hal.o ABSOLUTE
    ../Drivers/STM32F0xx_HAL_Driver/Src/stm32f0xx_hal_cortex.c 0x00000000   Number         0  stm32f0xx_hal_cortex.o ABSOLUTE
    ../Drivers/STM32F0xx_HAL_Driver/Src/stm32f0xx_hal_dma.c 0x00000000   Number         0  stm32f0xx_hal_dma.o ABSOLUTE
    ../Drivers/STM32F0xx_HAL_Driver/Src/stm32f0xx_hal_flash.c 0x00000000   Number         0  stm32f0xx_hal_flash.o ABSOLUTE
    ../Drivers/STM32F0xx_HAL_Driver/Src/stm32f0xx_hal_flash_ex.c 0x00000000   Number         0  stm32f0xx_hal_flash_ex.o ABSOLUTE
    ../Drivers/STM32F0xx_HAL_Driver/Src/stm32f0xx_hal_gpio.c 0x00000000   Number         0  stm32f0xx_hal_gpio.o ABSOLUTE
    ../Drivers/STM32F0xx_HAL_Driver/Src/stm32f0xx_hal_i2c.c 0x00000000   Number         0  stm32f0xx_hal_i2c.o ABSOLUTE
    ../Drivers/STM32F0xx_HAL_Driver/Src/stm32f0xx_hal_i2c_ex.c 0x00000000   Number         0  stm32f0xx_hal_i2c_ex.o ABSOLUTE
    ../Drivers/STM32F0xx_HAL_Driver/Src/stm32f0xx_hal_pwr.c 0x00000000   Number         0  stm32f0xx_hal_pwr.o ABSOLUTE
    ../Drivers/STM32F0xx_HAL_Driver/Src/stm32f0xx_hal_pwr_ex.c 0x00000000   Number         0  stm32f0xx_hal_pwr_ex.o ABSOLUTE
    ../Drivers/STM32F0xx_HAL_Driver/Src/stm32f0xx_hal_rcc.c 0x00000000   Number         0  stm32f0xx_hal_rcc.o ABSOLUTE
    ../Drivers/STM32F0xx_HAL_Driver/Src/stm32f0xx_hal_rcc_ex.c 0x00000000   Number         0  stm32f0xx_hal_rcc_ex.o ABSOLUTE
    ../Drivers/STM32F0xx_HAL_Driver/Src/stm32f0xx_hal_tim.c 0x00000000   Number         0  stm32f0xx_hal_tim.o ABSOLUTE
    ../Drivers/STM32F0xx_HAL_Driver/Src/stm32f0xx_hal_tim_ex.c 0x00000000   Number         0  stm32f0xx_hal_tim_ex.o ABSOLUTE
    ../Drivers/STM32F0xx_HAL_Driver/Src/stm32f0xx_hal_uart.c 0x00000000   Number         0  stm32f0xx_hal_uart.o ABSOLUTE
    ../Drivers/STM32F0xx_HAL_Driver/Src/stm32f0xx_hal_uart_ex.c 0x00000000   Number         0  stm32f0xx_hal_uart_ex.o ABSOLUTE
    ../Src/gpio.c                            0x00000000   Number         0  gpio.o ABSOLUTE
    ../Src/i2c.c                             0x00000000   Number         0  i2c.o ABSOLUTE
    ../Src/main.c                            0x00000000   Number         0  main.o ABSOLUTE
    ../Src/stm32f0xx_hal_msp.c               0x00000000   Number         0  stm32f0xx_hal_msp.o ABSOLUTE
    ../Src/stm32f0xx_it.c                    0x00000000   Number         0  stm32f0xx_it.o ABSOLUTE
    ../Src/system_stm32f0xx.c                0x00000000   Number         0  system_stm32f0xx.o ABSOLUTE
    ../Src/tim.c                             0x00000000   Number         0  tim.o ABSOLUTE
    ../Src/usart.c                           0x00000000   Number         0  usart.o ABSOLUTE
    ../clib/microlib/division.c              0x00000000   Number         0  uidiv.o ABSOLUTE
    ../clib/microlib/division.c              0x00000000   Number         0  idiv.o ABSOLUTE
    ../clib/microlib/division.c              0x00000000   Number         0  ldiv.o ABSOLUTE
    ../clib/microlib/division.c              0x00000000   Number         0  uldiv.o ABSOLUTE
    ../clib/microlib/errno.c                 0x00000000   Number         0  errno.o ABSOLUTE
    ../clib/microlib/init/entry.s            0x00000000   Number         0  entry.o ABSOLUTE
    ../clib/microlib/init/entry.s            0x00000000   Number         0  entry5.o ABSOLUTE
    ../clib/microlib/init/entry.s            0x00000000   Number         0  entry11b.o ABSOLUTE
    ../clib/microlib/init/entry.s            0x00000000   Number         0  entry2.o ABSOLUTE
    ../clib/microlib/init/entry.s            0x00000000   Number         0  entry10a.o ABSOLUTE
    ../clib/microlib/init/entry.s            0x00000000   Number         0  entry11a.o ABSOLUTE
    ../clib/microlib/init/entry.s            0x00000000   Number         0  entry10b.o ABSOLUTE
    ../clib/microlib/init/entry.s            0x00000000   Number         0  entry9b.o ABSOLUTE
    ../clib/microlib/init/entry.s            0x00000000   Number         0  entry9a.o ABSOLUTE
    ../clib/microlib/init/entry.s            0x00000000   Number         0  entry8b.o ABSOLUTE
    ../clib/microlib/init/entry.s            0x00000000   Number         0  entry8a.o ABSOLUTE
    ../clib/microlib/init/entry.s            0x00000000   Number         0  entry7b.o ABSOLUTE
    ../clib/microlib/init/entry.s            0x00000000   Number         0  entry7a.o ABSOLUTE
    ../clib/microlib/longlong.c              0x00000000   Number         0  llmul.o ABSOLUTE
    ../clib/microlib/longlong.c              0x00000000   Number         0  llushr.o ABSOLUTE
    ../clib/microlib/longlong.c              0x00000000   Number         0  llsshr.o ABSOLUTE
    ../clib/microlib/longlong.c              0x00000000   Number         0  llshl.o ABSOLUTE
    ../clib/microlib/string/memcmp.c         0x00000000   Number         0  memcmp.o ABSOLUTE
    ../clib/microlib/string/memset.c         0x00000000   Number         0  memseta.o ABSOLUTE
    ../clib/microlib/stubs.s                 0x00000000   Number         0  iusefp.o ABSOLUTE
    ../fplib/microlib/d2f.c                  0x00000000   Number         0  d2f.o ABSOLUTE
    ../fplib/microlib/f2d.c                  0x00000000   Number         0  f2d.o ABSOLUTE
    ../fplib/microlib/fpadd.c                0x00000000   Number         0  fadd.o ABSOLUTE
    ../fplib/microlib/fpadd.c                0x00000000   Number         0  dadd.o ABSOLUTE
    ../fplib/microlib/fpdiv.c                0x00000000   Number         0  fdiv.o ABSOLUTE
    ../fplib/microlib/fpdiv.c                0x00000000   Number         0  ddiv.o ABSOLUTE
    ../fplib/microlib/fpepilogue.c           0x00000000   Number         0  depilogue.o ABSOLUTE
    ../fplib/microlib/fpepilogue.c           0x00000000   Number         0  fepilogue.o ABSOLUTE
    ../fplib/microlib/fpfix.c                0x00000000   Number         0  ffixi.o ABSOLUTE
    ../fplib/microlib/fpfix.c                0x00000000   Number         0  ffixui.o ABSOLUTE
    ../fplib/microlib/fpflt.c                0x00000000   Number         0  ffltui.o ABSOLUTE
    ../fplib/microlib/fpflt.c                0x00000000   Number         0  fflti.o ABSOLUTE
    ../fplib/microlib/fpmul.c                0x00000000   Number         0  dmul.o ABSOLUTE
    ../fplib/microlib/fpmul.c                0x00000000   Number         0  fmul.o ABSOLUTE
    ../fplib/microlib/fpscalb.c              0x00000000   Number         0  fscalb.o ABSOLUTE
    ../fplib/microlib/fpscalb.c              0x00000000   Number         0  dscalb.o ABSOLUTE
    ../fplib/microlib/fpsqrt.c               0x00000000   Number         0  dsqrt.o ABSOLUTE
    ../mathlib/asin.c                        0x00000000   Number         0  asin.o ABSOLUTE
    ../mathlib/asin.c                        0x00000000   Number         0  asin_x.o ABSOLUTE
    ../mathlib/atan.c                        0x00000000   Number         0  atan.o ABSOLUTE
    ../mathlib/atan.c                        0x00000000   Number         0  atan_x.o ABSOLUTE
    ../mathlib/atan2.c                       0x00000000   Number         0  atan2.o ABSOLUTE
    ../mathlib/atan2.c                       0x00000000   Number         0  atan2_x.o ABSOLUTE
    ../mathlib/dunder.c                      0x00000000   Number         0  dunder.o ABSOLUTE
    ../mathlib/fpclassify.c                  0x00000000   Number         0  fpclassify.o ABSOLUTE
    ../mathlib/poly.c                        0x00000000   Number         0  poly.o ABSOLUTE
    ../mathlib/qnan.c                        0x00000000   Number         0  qnan.o ABSOLUTE
    ../mathlib/sqrt.c                        0x00000000   Number         0  sqrt.o ABSOLUTE
    ../mathlib/sqrt.c                        0x00000000   Number         0  sqrt_x.o ABSOLUTE
    ..\Drivers\STM32F0xx_HAL_Driver\Src\stm32f0xx_hal.c 0x00000000   Number         0  stm32f0xx_hal.o ABSOLUTE
    ..\Drivers\STM32F0xx_HAL_Driver\Src\stm32f0xx_hal_cortex.c 0x00000000   Number         0  stm32f0xx_hal_cortex.o ABSOLUTE
    ..\Drivers\STM32F0xx_HAL_Driver\Src\stm32f0xx_hal_dma.c 0x00000000   Number         0  stm32f0xx_hal_dma.o ABSOLUTE
    ..\Drivers\STM32F0xx_HAL_Driver\Src\stm32f0xx_hal_flash.c 0x00000000   Number         0  stm32f0xx_hal_flash.o ABSOLUTE
    ..\Drivers\STM32F0xx_HAL_Driver\Src\stm32f0xx_hal_flash_ex.c 0x00000000   Number         0  stm32f0xx_hal_flash_ex.o ABSOLUTE
    ..\Drivers\STM32F0xx_HAL_Driver\Src\stm32f0xx_hal_gpio.c 0x00000000   Number         0  stm32f0xx_hal_gpio.o ABSOLUTE
    ..\Drivers\STM32F0xx_HAL_Driver\Src\stm32f0xx_hal_i2c.c 0x00000000   Number         0  stm32f0xx_hal_i2c.o ABSOLUTE
    ..\Drivers\STM32F0xx_HAL_Driver\Src\stm32f0xx_hal_i2c_ex.c 0x00000000   Number         0  stm32f0xx_hal_i2c_ex.o ABSOLUTE
    ..\Drivers\STM32F0xx_HAL_Driver\Src\stm32f0xx_hal_pwr.c 0x00000000   Number         0  stm32f0xx_hal_pwr.o ABSOLUTE
    ..\Drivers\STM32F0xx_HAL_Driver\Src\stm32f0xx_hal_pwr_ex.c 0x00000000   Number         0  stm32f0xx_hal_pwr_ex.o ABSOLUTE
    ..\Drivers\STM32F0xx_HAL_Driver\Src\stm32f0xx_hal_rcc.c 0x00000000   Number         0  stm32f0xx_hal_rcc.o ABSOLUTE
    ..\Drivers\STM32F0xx_HAL_Driver\Src\stm32f0xx_hal_rcc_ex.c 0x00000000   Number         0  stm32f0xx_hal_rcc_ex.o ABSOLUTE
    ..\Drivers\STM32F0xx_HAL_Driver\Src\stm32f0xx_hal_tim.c 0x00000000   Number         0  stm32f0xx_hal_tim.o ABSOLUTE
    ..\Drivers\STM32F0xx_HAL_Driver\Src\stm32f0xx_hal_tim_ex.c 0x00000000   Number         0  stm32f0xx_hal_tim_ex.o ABSOLUTE
    ..\Drivers\STM32F0xx_HAL_Driver\Src\stm32f0xx_hal_uart.c 0x00000000   Number         0  stm32f0xx_hal_uart.o ABSOLUTE
    ..\Drivers\STM32F0xx_HAL_Driver\Src\stm32f0xx_hal_uart_ex.c 0x00000000   Number         0  stm32f0xx_hal_uart_ex.o ABSOLUTE
    ..\Src\eMPL\inv_mpu.c                    0x00000000   Number         0  inv_mpu.o ABSOLUTE
    ..\Src\eMPL\inv_mpu_dmp_motion_driver.c  0x00000000   Number         0  inv_mpu_dmp_motion_driver.o ABSOLUTE
    ..\Src\gpio.c                            0x00000000   Number         0  gpio.o ABSOLUTE
    ..\Src\i2c.c                             0x00000000   Number         0  i2c.o ABSOLUTE
    ..\Src\main.c                            0x00000000   Number         0  main.o ABSOLUTE
    ..\Src\stm32f0xx_hal_msp.c               0x00000000   Number         0  stm32f0xx_hal_msp.o ABSOLUTE
    ..\Src\stm32f0xx_it.c                    0x00000000   Number         0  stm32f0xx_it.o ABSOLUTE
    ..\Src\system_stm32f0xx.c                0x00000000   Number         0  system_stm32f0xx.o ABSOLUTE
    ..\Src\tim.c                             0x00000000   Number         0  tim.o ABSOLUTE
    ..\Src\usart.c                           0x00000000   Number         0  usart.o ABSOLUTE
    ..\\Src\\eMPL\\inv_mpu.c                 0x00000000   Number         0  inv_mpu.o ABSOLUTE
    ..\\Src\\eMPL\\inv_mpu_dmp_motion_driver.c 0x00000000   Number         0  inv_mpu_dmp_motion_driver.o ABSOLUTE
    cdcmple.s                                0x00000000   Number         0  cdcmple.o ABSOLUTE
    cdrcmple.s                               0x00000000   Number         0  cdrcmple.o ABSOLUTE
    dc.s                                     0x00000000   Number         0  dc.o ABSOLUTE
    handlers.s                               0x00000000   Number         0  handlers.o ABSOLUTE
    init.s                                   0x00000000   Number         0  init.o ABSOLUTE
    startup_stm32f030x8.s                    0x00000000   Number         0  startup_stm32f030x8.o ABSOLUTE
    RESET                                    0x08000000   Section      180  startup_stm32f030x8.o(RESET)
    .ARM.Collect$$$$00000000                 0x080000b4   Section        0  entry.o(.ARM.Collect$$$$00000000)
    .ARM.Collect$$$$00000001                 0x080000b4   Section        4  entry2.o(.ARM.Collect$$$$00000001)
    .ARM.Collect$$$$00000004                 0x080000b8   Section        4  entry5.o(.ARM.Collect$$$$00000004)
    .ARM.Collect$$$$00000008                 0x080000bc   Section        0  entry7b.o(.ARM.Collect$$$$00000008)
    .ARM.Collect$$$$0000000A                 0x080000bc   Section        0  entry8b.o(.ARM.Collect$$$$0000000A)
    .ARM.Collect$$$$0000000B                 0x080000bc   Section        8  entry9a.o(.ARM.Collect$$$$0000000B)
    .ARM.Collect$$$$0000000D                 0x080000c4   Section        0  entry10a.o(.ARM.Collect$$$$0000000D)
    .ARM.Collect$$$$0000000F                 0x080000c4   Section        0  entry11a.o(.ARM.Collect$$$$0000000F)
    .ARM.Collect$$$$00002712                 0x080000c4   Section        4  entry2.o(.ARM.Collect$$$$00002712)
    __lit__00000000                          0x080000c4   Data           4  entry2.o(.ARM.Collect$$$$00002712)
    .text                                    0x080000c8   Section       28  startup_stm32f030x8.o(.text)
    .text                                    0x080000e4   Section        0  uidiv.o(.text)
    .text                                    0x08000110   Section        0  idiv.o(.text)
    .text                                    0x08000138   Section        0  llushr.o(.text)
    .text                                    0x0800015a   Section        0  memseta.o(.text)
    .text                                    0x0800017e   Section        0  memcmp.o(.text)
    .text                                    0x08000198   Section        0  fadd.o(.text)
    .text                                    0x0800024a   Section        0  fmul.o(.text)
    .text                                    0x080002c4   Section        0  fdiv.o(.text)
    .text                                    0x08000340   Section        0  fscalb.o(.text)
    .text                                    0x08000358   Section        0  dadd.o(.text)
    .text                                    0x080004bc   Section        0  ddiv.o(.text)
    .text                                    0x080005ac   Section        0  dscalb.o(.text)
    .text                                    0x080005d8   Section        0  fflti.o(.text)
    .text                                    0x080005ee   Section        0  ffltui.o(.text)
    .text                                    0x080005fc   Section        0  ffixi.o(.text)
    .text                                    0x0800062e   Section        0  ffixui.o(.text)
    .text                                    0x08000656   Section        0  f2d.o(.text)
    .text                                    0x08000680   Section       40  cdrcmple.o(.text)
    .text                                    0x080006a8   Section        0  d2f.o(.text)
    .text                                    0x080006e0   Section        0  llshl.o(.text)
    .text                                    0x08000700   Section        0  llsshr.o(.text)
    .text                                    0x08000726   Section        0  fepilogue.o(.text)
    .text                                    0x08000726   Section        0  iusefp.o(.text)
    .text                                    0x080007a8   Section        0  depilogue.o(.text)
    .text                                    0x08000868   Section        0  dmul.o(.text)
    .text                                    0x08000938   Section       36  init.o(.text)
    .text                                    0x0800095c   Section        0  dsqrt.o(.text)
    i.EXTI4_15_IRQHandler                    0x08000a00   Section        0  stm32f0xx_it.o(i.EXTI4_15_IRQHandler)
    i.HAL_DMA_Abort_IT                       0x08000a1c   Section        0  stm32f0xx_hal_dma.o(i.HAL_DMA_Abort_IT)
    i.HAL_Delay                              0x08000a64   Section        0  stm32f0xx_hal.o(i.HAL_Delay)
    i.HAL_GPIO_EXTI_Callback                 0x08000a80   Section        0  stm32f0xx_hal_gpio.o(i.HAL_GPIO_EXTI_Callback)
    i.HAL_GPIO_EXTI_IRQHandler               0x08000a84   Section        0  stm32f0xx_hal_gpio.o(i.HAL_GPIO_EXTI_IRQHandler)
    i.HAL_GPIO_Init                          0x08000a9c   Section        0  stm32f0xx_hal_gpio.o(i.HAL_GPIO_Init)
    i.HAL_GPIO_TogglePin                     0x08000be4   Section        0  stm32f0xx_hal_gpio.o(i.HAL_GPIO_TogglePin)
    i.HAL_GPIO_WritePin                      0x08000bec   Section        0  stm32f0xx_hal_gpio.o(i.HAL_GPIO_WritePin)
    i.HAL_GetTick                            0x08000bf8   Section        0  stm32f0xx_hal.o(i.HAL_GetTick)
    i.HAL_I2CEx_ConfigAnalogFilter           0x08000c04   Section        0  stm32f0xx_hal_i2c_ex.o(i.HAL_I2CEx_ConfigAnalogFilter)
    i.HAL_I2CEx_ConfigDigitalFilter          0x08000c4e   Section        0  stm32f0xx_hal_i2c_ex.o(i.HAL_I2CEx_ConfigDigitalFilter)
    i.HAL_I2C_Init                           0x08000c98   Section        0  stm32f0xx_hal_i2c.o(i.HAL_I2C_Init)
    i.HAL_I2C_Master_Receive                 0x08000d4c   Section        0  stm32f0xx_hal_i2c.o(i.HAL_I2C_Master_Receive)
    i.HAL_I2C_Master_Transmit                0x08000e64   Section        0  stm32f0xx_hal_i2c.o(i.HAL_I2C_Master_Transmit)
    i.HAL_I2C_MspInit                        0x08000f7c   Section        0  i2c.o(i.HAL_I2C_MspInit)
    i.HAL_IncTick                            0x08000fc4   Section        0  stm32f0xx_hal.o(i.HAL_IncTick)
    i.HAL_Init                               0x08000fd4   Section        0  stm32f0xx_hal.o(i.HAL_Init)
    i.HAL_InitTick                           0x08000ff4   Section        0  stm32f0xx_hal.o(i.HAL_InitTick)
    i.HAL_MspInit                            0x08001018   Section        0  stm32f0xx_hal_msp.o(i.HAL_MspInit)
    i.HAL_NVIC_EnableIRQ                     0x08001050   Section        0  stm32f0xx_hal_cortex.o(i.HAL_NVIC_EnableIRQ)
    i.HAL_NVIC_SetPriority                   0x08001064   Section        0  stm32f0xx_hal_cortex.o(i.HAL_NVIC_SetPriority)
    i.HAL_RCCEx_PeriphCLKConfig              0x0800106c   Section        0  stm32f0xx_hal_rcc_ex.o(i.HAL_RCCEx_PeriphCLKConfig)
    i.HAL_RCC_ClockConfig                    0x08001154   Section        0  stm32f0xx_hal_rcc.o(i.HAL_RCC_ClockConfig)
    i.HAL_RCC_GetHCLKFreq                    0x08001280   Section        0  stm32f0xx_hal_rcc.o(i.HAL_RCC_GetHCLKFreq)
    i.HAL_RCC_GetPCLK1Freq                   0x0800128c   Section        0  stm32f0xx_hal_rcc.o(i.HAL_RCC_GetPCLK1Freq)
    i.HAL_RCC_GetSysClockFreq                0x080012ac   Section        0  stm32f0xx_hal_rcc.o(i.HAL_RCC_GetSysClockFreq)
    i.HAL_RCC_OscConfig                      0x08001324   Section        0  stm32f0xx_hal_rcc.o(i.HAL_RCC_OscConfig)
    i.HAL_SYSTICK_CLKSourceConfig            0x08001678   Section        0  stm32f0xx_hal_cortex.o(i.HAL_SYSTICK_CLKSourceConfig)
    i.HAL_SYSTICK_Callback                   0x08001690   Section        0  stm32f0xx_hal_cortex.o(i.HAL_SYSTICK_Callback)
    i.HAL_SYSTICK_Config                     0x08001694   Section        0  stm32f0xx_hal_cortex.o(i.HAL_SYSTICK_Config)
    i.HAL_SYSTICK_IRQHandler                 0x080016c4   Section        0  stm32f0xx_hal_cortex.o(i.HAL_SYSTICK_IRQHandler)
    i.HAL_TIMEx_MasterConfigSynchronization  0x080016cc   Section        0  stm32f0xx_hal_tim_ex.o(i.HAL_TIMEx_MasterConfigSynchronization)
    i.HAL_TIM_Base_Init                      0x08001714   Section        0  stm32f0xx_hal_tim.o(i.HAL_TIM_Base_Init)
    i.HAL_TIM_Base_MspInit                   0x08001748   Section        0  tim.o(i.HAL_TIM_Base_MspInit)
    i.HAL_TIM_ConfigClockSource              0x0800176c   Section        0  stm32f0xx_hal_tim.o(i.HAL_TIM_ConfigClockSource)
    i.HAL_TIM_MspPostInit                    0x0800185c   Section        0  tim.o(i.HAL_TIM_MspPostInit)
    i.HAL_TIM_PWM_ConfigChannel              0x080018a4   Section        0  stm32f0xx_hal_tim.o(i.HAL_TIM_PWM_ConfigChannel)
    i.HAL_TIM_PWM_Init                       0x08001974   Section        0  stm32f0xx_hal_tim.o(i.HAL_TIM_PWM_Init)
    i.HAL_TIM_PWM_MspInit                    0x080019a8   Section        0  stm32f0xx_hal_tim.o(i.HAL_TIM_PWM_MspInit)
    i.HAL_TIM_PWM_Start                      0x080019ac   Section        0  stm32f0xx_hal_tim.o(i.HAL_TIM_PWM_Start)
    i.HAL_UART_ErrorCallback                 0x080019fc   Section        0  stm32f0xx_hal_uart.o(i.HAL_UART_ErrorCallback)
    i.HAL_UART_IRQHandler                    0x08001a00   Section        0  stm32f0xx_hal_uart.o(i.HAL_UART_IRQHandler)
    i.HAL_UART_Init                          0x08001b14   Section        0  stm32f0xx_hal_uart.o(i.HAL_UART_Init)
    i.HAL_UART_MspInit                       0x08001b80   Section        0  usart.o(i.HAL_UART_MspInit)
    i.HAL_UART_RxCpltCallback                0x08001bd8   Section        0  stm32f0xx_hal_uart.o(i.HAL_UART_RxCpltCallback)
    i.HAL_UART_Transmit                      0x08001bda   Section        0  stm32f0xx_hal_uart.o(i.HAL_UART_Transmit)
    i.HAL_UART_TxCpltCallback                0x08001ca2   Section        0  stm32f0xx_hal_uart.o(i.HAL_UART_TxCpltCallback)
    i.I2C_Flush_TXDR                         0x08001ca4   Section        0  stm32f0xx_hal_i2c.o(i.I2C_Flush_TXDR)
    I2C_Flush_TXDR                           0x08001ca5   Thumb Code    34  stm32f0xx_hal_i2c.o(i.I2C_Flush_TXDR)
    i.I2C_IsAcknowledgeFailed                0x08001cc8   Section        0  stm32f0xx_hal_i2c.o(i.I2C_IsAcknowledgeFailed)
    I2C_IsAcknowledgeFailed                  0x08001cc9   Thumb Code   110  stm32f0xx_hal_i2c.o(i.I2C_IsAcknowledgeFailed)
    i.I2C_TransferConfig                     0x08001d3c   Section        0  stm32f0xx_hal_i2c.o(i.I2C_TransferConfig)
    I2C_TransferConfig                       0x08001d3d   Thumb Code    30  stm32f0xx_hal_i2c.o(i.I2C_TransferConfig)
    i.I2C_WaitOnFlagUntilTimeout             0x08001d60   Section        0  stm32f0xx_hal_i2c.o(i.I2C_WaitOnFlagUntilTimeout)
    I2C_WaitOnFlagUntilTimeout               0x08001d61   Thumb Code    72  stm32f0xx_hal_i2c.o(i.I2C_WaitOnFlagUntilTimeout)
    i.I2C_WaitOnRXNEFlagUntilTimeout         0x08001da8   Section        0  stm32f0xx_hal_i2c.o(i.I2C_WaitOnRXNEFlagUntilTimeout)
    I2C_WaitOnRXNEFlagUntilTimeout           0x08001da9   Thumb Code   114  stm32f0xx_hal_i2c.o(i.I2C_WaitOnRXNEFlagUntilTimeout)
    i.I2C_WaitOnSTOPFlagUntilTimeout         0x08001e20   Section        0  stm32f0xx_hal_i2c.o(i.I2C_WaitOnSTOPFlagUntilTimeout)
    I2C_WaitOnSTOPFlagUntilTimeout           0x08001e21   Thumb Code    78  stm32f0xx_hal_i2c.o(i.I2C_WaitOnSTOPFlagUntilTimeout)
    i.I2C_WaitOnTXISFlagUntilTimeout         0x08001e6e   Section        0  stm32f0xx_hal_i2c.o(i.I2C_WaitOnTXISFlagUntilTimeout)
    I2C_WaitOnTXISFlagUntilTimeout           0x08001e6f   Thumb Code    82  stm32f0xx_hal_i2c.o(i.I2C_WaitOnTXISFlagUntilTimeout)
    i.MX_GPIO_Init                           0x08001ec0   Section        0  gpio.o(i.MX_GPIO_Init)
    i.MX_I2C1_Init                           0x08001f90   Section        0  i2c.o(i.MX_I2C1_Init)
    i.MX_TIM3_Init                           0x08002004   Section        0  tim.o(i.MX_TIM3_Init)
    i.MX_USART1_UART_Init                    0x080020e8   Section        0  usart.o(i.MX_USART1_UART_Init)
    i.NVIC_SetPriority                       0x08002134   Section        0  stm32f0xx_hal_cortex.o(i.NVIC_SetPriority)
    NVIC_SetPriority                         0x08002135   Thumb Code    60  stm32f0xx_hal_cortex.o(i.NVIC_SetPriority)
    i.SysTick_Handler                        0x08002178   Section        0  stm32f0xx_it.o(i.SysTick_Handler)
    i.SystemClock_Config                     0x08002184   Section        0  main.o(i.SystemClock_Config)
    i.SystemInit                             0x080021fc   Section        0  system_stm32f0xx.o(i.SystemInit)
    i.TIM_Base_SetConfig                     0x08002258   Section        0  stm32f0xx_hal_tim.o(i.TIM_Base_SetConfig)
    i.TIM_CCxChannelCmd                      0x080022e0   Section        0  stm32f0xx_hal_tim.o(i.TIM_CCxChannelCmd)
    i.TIM_ETR_SetConfig                      0x080022f6   Section        0  stm32f0xx_hal_tim.o(i.TIM_ETR_SetConfig)
    i.TIM_ITRx_SetConfig                     0x0800230c   Section        0  stm32f0xx_hal_tim.o(i.TIM_ITRx_SetConfig)
    TIM_ITRx_SetConfig                       0x0800230d   Thumb Code    16  stm32f0xx_hal_tim.o(i.TIM_ITRx_SetConfig)
    i.TIM_OC1_SetConfig                      0x0800231c   Section        0  stm32f0xx_hal_tim.o(i.TIM_OC1_SetConfig)
    TIM_OC1_SetConfig                        0x0800231d   Thumb Code   120  stm32f0xx_hal_tim.o(i.TIM_OC1_SetConfig)
    i.TIM_OC2_SetConfig                      0x080023a4   Section        0  stm32f0xx_hal_tim.o(i.TIM_OC2_SetConfig)
    i.TIM_OC3_SetConfig                      0x08002424   Section        0  stm32f0xx_hal_tim.o(i.TIM_OC3_SetConfig)
    TIM_OC3_SetConfig                        0x08002425   Thumb Code   114  stm32f0xx_hal_tim.o(i.TIM_OC3_SetConfig)
    i.TIM_OC4_SetConfig                      0x080024a8   Section        0  stm32f0xx_hal_tim.o(i.TIM_OC4_SetConfig)
    TIM_OC4_SetConfig                        0x080024a9   Thumb Code    90  stm32f0xx_hal_tim.o(i.TIM_OC4_SetConfig)
    i.TIM_TI1_ConfigInputStage               0x08002514   Section        0  stm32f0xx_hal_tim.o(i.TIM_TI1_ConfigInputStage)
    TIM_TI1_ConfigInputStage                 0x08002515   Thumb Code    34  stm32f0xx_hal_tim.o(i.TIM_TI1_ConfigInputStage)
    i.TIM_TI2_ConfigInputStage               0x08002536   Section        0  stm32f0xx_hal_tim.o(i.TIM_TI2_ConfigInputStage)
    TIM_TI2_ConfigInputStage                 0x08002537   Thumb Code    38  stm32f0xx_hal_tim.o(i.TIM_TI2_ConfigInputStage)
    i.UART_AdvFeatureConfig                  0x0800255c   Section        0  stm32f0xx_hal_uart.o(i.UART_AdvFeatureConfig)
    i.UART_CheckIdleState                    0x08002626   Section        0  stm32f0xx_hal_uart.o(i.UART_CheckIdleState)
    i.UART_DMAAbortOnError                   0x08002638   Section        0  stm32f0xx_hal_uart.o(i.UART_DMAAbortOnError)
    UART_DMAAbortOnError                     0x08002639   Thumb Code    20  stm32f0xx_hal_uart.o(i.UART_DMAAbortOnError)
    i.UART_EndRxTransfer                     0x0800264c   Section        0  stm32f0xx_hal_uart.o(i.UART_EndRxTransfer)
    UART_EndRxTransfer                       0x0800264d   Thumb Code    30  stm32f0xx_hal_uart.o(i.UART_EndRxTransfer)
    i.UART_EndTransmit_IT                    0x0800266a   Section        0  stm32f0xx_hal_uart.o(i.UART_EndTransmit_IT)
    i.UART_Receive_IT                        0x08002684   Section        0  stm32f0xx_hal_uart.o(i.UART_Receive_IT)
    i.UART_SetConfig                         0x08002700   Section        0  stm32f0xx_hal_uart.o(i.UART_SetConfig)
    i.UART_Transmit_IT                       0x08002830   Section        0  stm32f0xx_hal_uart.o(i.UART_Transmit_IT)
    i.UART_WaitOnFlagUntilTimeout            0x08002896   Section        0  stm32f0xx_hal_uart.o(i.UART_WaitOnFlagUntilTimeout)
    i.USART1_IRQHandler                      0x080028f8   Section        0  stm32f0xx_it.o(i.USART1_IRQHandler)
    i._Error_Handler                         0x08002910   Section        0  main.o(i._Error_Handler)
    i.__ARM_clz                              0x08002912   Section        0  depilogue.o(i.__ARM_clz)
    i.__ARM_fpclassify                       0x08002940   Section        0  fpclassify.o(i.__ARM_fpclassify)
    i.__kernel_poly                          0x0800296c   Section        0  poly.o(i.__kernel_poly)
    i.__mathlib_dbl_infnan                   0x08002a18   Section        0  dunder.o(i.__mathlib_dbl_infnan)
    i.__mathlib_dbl_infnan2                  0x08002a22   Section        0  dunder.o(i.__mathlib_dbl_infnan2)
    i.__mathlib_dbl_invalid                  0x08002a2a   Section        0  dunder.o(i.__mathlib_dbl_invalid)
    i.__mathlib_dbl_underflow                0x08002a3c   Section        0  dunder.o(i.__mathlib_dbl_underflow)
    i.__scatterload_copy                     0x08002a50   Section       14  handlers.o(i.__scatterload_copy)
    i.__scatterload_null                     0x08002a5e   Section        2  handlers.o(i.__scatterload_null)
    i.__scatterload_zeroinit                 0x08002a60   Section       14  handlers.o(i.__scatterload_zeroinit)
    i.__set_errno                            0x08002a70   Section        0  errno.o(i.__set_errno)
    i.addElement                             0x08002a7c   Section        0  tim.o(i.addElement)
    i.android_orient_cb                      0x08002ab4   Section        0  main.o(i.android_orient_cb)
    android_orient_cb                        0x08002ab5   Thumb Code    12  main.o(i.android_orient_cb)
    i.asin                                   0x08002ac0   Section        0  asin.o(i.asin)
    i.atan                                   0x08002d34   Section        0  atan.o(i.atan)
    i.atan2                                  0x08002f50   Section        0  atan2.o(i.atan2)
    i.dmp_enable_6x_lp_quat                  0x080030c8   Section        0  inv_mpu_dmp_motion_driver.o(i.dmp_enable_6x_lp_quat)
    i.dmp_enable_feature                     0x08003100   Section        0  inv_mpu_dmp_motion_driver.o(i.dmp_enable_feature)
    i.dmp_enable_gyro_cal                    0x080032b4   Section        0  inv_mpu_dmp_motion_driver.o(i.dmp_enable_gyro_cal)
    i.dmp_enable_lp_quat                     0x080032f4   Section        0  inv_mpu_dmp_motion_driver.o(i.dmp_enable_lp_quat)
    i.dmp_load_motion_driver_firmware        0x0800332c   Section        0  inv_mpu_dmp_motion_driver.o(i.dmp_load_motion_driver_firmware)
    i.dmp_read_fifo                          0x08003348   Section        0  inv_mpu_dmp_motion_driver.o(i.dmp_read_fifo)
    i.dmp_register_android_orient_cb         0x080034b0   Section        0  inv_mpu_dmp_motion_driver.o(i.dmp_register_android_orient_cb)
    i.dmp_register_tap_cb                    0x080034bc   Section        0  inv_mpu_dmp_motion_driver.o(i.dmp_register_tap_cb)
    i.dmp_set_fifo_rate                      0x080034c8   Section        0  inv_mpu_dmp_motion_driver.o(i.dmp_set_fifo_rate)
    i.dmp_set_orientation                    0x08003534   Section        0  inv_mpu_dmp_motion_driver.o(i.dmp_set_orientation)
    i.dmp_set_shake_reject_thresh            0x08003624   Section        0  inv_mpu_dmp_motion_driver.o(i.dmp_set_shake_reject_thresh)
    i.dmp_set_shake_reject_time              0x08003650   Section        0  inv_mpu_dmp_motion_driver.o(i.dmp_set_shake_reject_time)
    i.dmp_set_shake_reject_timeout           0x0800366e   Section        0  inv_mpu_dmp_motion_driver.o(i.dmp_set_shake_reject_timeout)
    i.dmp_set_tap_axes                       0x0800368c   Section        0  inv_mpu_dmp_motion_driver.o(i.dmp_set_tap_axes)
    i.dmp_set_tap_count                      0x080036c2   Section        0  inv_mpu_dmp_motion_driver.o(i.dmp_set_tap_count)
    i.dmp_set_tap_thresh                     0x080036e8   Section        0  inv_mpu_dmp_motion_driver.o(i.dmp_set_tap_thresh)
    i.dmp_set_tap_time                       0x08003818   Section        0  inv_mpu_dmp_motion_driver.o(i.dmp_set_tap_time)
    i.dmp_set_tap_time_multi                 0x08003836   Section        0  inv_mpu_dmp_motion_driver.o(i.dmp_set_tap_time_multi)
    i.getAverage                             0x08003854   Section        0  tim.o(i.getAverage)
    i.gyro_data_ready_cb                     0x08003890   Section        0  main.o(i.gyro_data_ready_cb)
    i.i2c_read                               0x080038ac   Section        0  i2c.o(i.i2c_read)
    i.i2c_write                              0x080038e8   Section        0  i2c.o(i.i2c_write)
    i.inv_row_2_scale                        0x08003928   Section        0  main.o(i.inv_row_2_scale)
    inv_row_2_scale                          0x08003929   Thumb Code    64  main.o(i.inv_row_2_scale)
    i.main                                   0x08003968   Section        0  main.o(i.main)
    i.mpu_configure_fifo                     0x08003e0c   Section        0  inv_mpu.o(i.mpu_configure_fifo)
    i.mpu_get_accel_fsr                      0x08003e68   Section        0  inv_mpu.o(i.mpu_get_accel_fsr)
    i.mpu_get_gyro_fsr                       0x08003ea8   Section        0  inv_mpu.o(i.mpu_get_gyro_fsr)
    i.mpu_get_sample_rate                    0x08003ee0   Section        0  inv_mpu.o(i.mpu_get_sample_rate)
    i.mpu_init                               0x08003f00   Section        0  inv_mpu.o(i.mpu_init)
    i.mpu_load_firmware                      0x08003fc4   Section        0  inv_mpu.o(i.mpu_load_firmware)
    i.mpu_lp_accel_mode                      0x08004060   Section        0  inv_mpu.o(i.mpu_lp_accel_mode)
    i.mpu_read_fifo_stream                   0x08004104   Section        0  inv_mpu.o(i.mpu_read_fifo_stream)
    i.mpu_read_mem                           0x080041a0   Section        0  inv_mpu.o(i.mpu_read_mem)
    i.mpu_reset_fifo                         0x080041f8   Section        0  inv_mpu.o(i.mpu_reset_fifo)
    i.mpu_set_accel_fsr                      0x08004364   Section        0  inv_mpu.o(i.mpu_set_accel_fsr)
    i.mpu_set_bypass                         0x080043cc   Section        0  inv_mpu.o(i.mpu_set_bypass)
    i.mpu_set_dmp_state                      0x080044a8   Section        0  inv_mpu.o(i.mpu_set_dmp_state)
    i.mpu_set_gyro_fsr                       0x08004520   Section        0  inv_mpu.o(i.mpu_set_gyro_fsr)
    i.mpu_set_int_latched                    0x08004590   Section        0  inv_mpu.o(i.mpu_set_int_latched)
    i.mpu_set_lpf                            0x080045f8   Section        0  inv_mpu.o(i.mpu_set_lpf)
    i.mpu_set_sample_rate                    0x08004664   Section        0  inv_mpu.o(i.mpu_set_sample_rate)
    i.mpu_set_sensors                        0x080046f8   Section        0  inv_mpu.o(i.mpu_set_sensors)
    i.mpu_write_mem                          0x080047b4   Section        0  inv_mpu.o(i.mpu_write_mem)
    i.send_packet                            0x0800480c   Section        0  main.o(i.send_packet)
    i.set_int_enable                         0x08004958   Section        0  inv_mpu.o(i.set_int_enable)
    set_int_enable                           0x08004959   Thumb Code    96  inv_mpu.o(i.set_int_enable)
    i.sqrt                                   0x080049bc   Section        0  sqrt.o(i.sqrt)
    i.tap_cb                                 0x08004a04   Section        0  main.o(i.tap_cb)
    tap_cb                                   0x08004a05   Thumb Code    18  main.o(i.tap_cb)
    i.updateChannel1                         0x08004a18   Section        0  tim.o(i.updateChannel1)
    i.updateChannel2                         0x08004a38   Section        0  tim.o(i.updateChannel2)
    i.updateChannel3                         0x08004a58   Section        0  tim.o(i.updateChannel3)
    .constdata                               0x08004a78   Section       16  system_stm32f0xx.o(.constdata)
    .constdata                               0x08004a88   Section        8  system_stm32f0xx.o(.constdata)
    .constdata                               0x08004a90   Section       30  inv_mpu.o(.constdata)
    .constdata                               0x08004aae   Section       12  inv_mpu.o(.constdata)
    .constdata                               0x08004abc   Section       40  inv_mpu.o(.constdata)
    .constdata                               0x08004ae4   Section     3062  inv_mpu_dmp_motion_driver.o(.constdata)
    dmp_memory                               0x08004ae4   Data        3062  inv_mpu_dmp_motion_driver.o(.constdata)
    .constdata                               0x080056e0   Section       80  asin.o(.constdata)
    pS                                       0x080056e0   Data          48  asin.o(.constdata)
    qS                                       0x08005710   Data          32  asin.o(.constdata)
    .constdata                               0x08005730   Section      152  atan.o(.constdata)
    atanhi                                   0x08005730   Data          32  atan.o(.constdata)
    atanlo                                   0x08005750   Data          32  atan.o(.constdata)
    aTodd                                    0x08005770   Data          40  atan.o(.constdata)
    aTeven                                   0x08005798   Data          48  atan.o(.constdata)
    .constdata                               0x080057c8   Section        8  qnan.o(.constdata)
    .data                                    0x20000000   Section        4  system_stm32f0xx.o(.data)
    .data                                    0x20000004   Section        4  stm32f0xx_hal.o(.data)
    .data                                    0x20000008   Section      113  main.o(.data)
    sensors                                  0x20000008   Data           2  main.o(.data)
    ax                                       0x2000000a   Data           2  main.o(.data)
    ay                                       0x2000000c   Data           2  main.o(.data)
    az                                       0x2000000e   Data           2  main.o(.data)
    quat1                                    0x20000010   Data           4  main.o(.data)
    quat2                                    0x20000014   Data           4  main.o(.data)
    quat3                                    0x20000018   Data           4  main.o(.data)
    quat4                                    0x2000001c   Data           4  main.o(.data)
    q1                                       0x20000020   Data           4  main.o(.data)
    q2                                       0x20000024   Data           4  main.o(.data)
    q3                                       0x20000028   Data           4  main.o(.data)
    q4                                       0x2000002c   Data           4  main.o(.data)
    eul1                                     0x20000030   Data           4  main.o(.data)
    eul2                                     0x20000034   Data           4  main.o(.data)
    eul3                                     0x20000038   Data           4  main.o(.data)
    yaw                                      0x2000003c   Data           4  main.o(.data)
    pitch                                    0x20000040   Data           4  main.o(.data)
    roll                                     0x20000044   Data           4  main.o(.data)
    Fyaw                                     0x20000048   Data           4  main.o(.data)
    Fpitch                                   0x2000004c   Data           4  main.o(.data)
    Froll                                    0x20000050   Data           4  main.o(.data)
    Nyaw                                     0x20000054   Data           4  main.o(.data)
    Npitch                                   0x20000058   Data           4  main.o(.data)
    Nroll                                    0x2000005c   Data           4  main.o(.data)
    debug1                                   0x20000060   Data           4  main.o(.data)
    gyro                                     0x20000064   Data           6  main.o(.data)
    accel                                    0x2000006a   Data           6  main.o(.data)
    gyro_orientation                         0x20000070   Data           9  main.o(.data)
    .data                                    0x20000079   Section        1  stm32f0xx_it.o(.data)
    receivedData                             0x20000079   Data           1  stm32f0xx_it.o(.data)
    .data                                    0x2000007c   Section       44  inv_mpu.o(.data)
    st                                       0x2000007c   Data          44  inv_mpu.o(.data)
    .data                                    0x200000a8   Section        4  errno.o(.data)
    _errno                                   0x200000a8   Data           4  errno.o(.data)
    .bss                                     0x200000ac   Section       14  main.o(.bss)
    hal                                      0x200000ac   Data          14  main.o(.bss)
    .bss                                     0x200000bc   Section       76  i2c.o(.bss)
    .bss                                     0x20000108   Section      112  usart.o(.bss)
    .bss                                     0x20000178   Section       16  inv_mpu_dmp_motion_driver.o(.bss)
    dmp                                      0x20000178   Data          16  inv_mpu_dmp_motion_driver.o(.bss)
    .bss                                     0x20000188   Section      460  tim.o(.bss)
    STACK                                    0x20000358   Section     1024  startup_stm32f030x8.o(STACK)

    Global Symbols

    Symbol Name                              Value     Ov Type        Size  Object(Section)

    BuildAttributes$$THM_ISAv3M$S$PE$A:L22$X:L11$S22$IEEE1$IW$USESV6$~STKCKD$USESV7$~SHL$OTIME$ROPI$IEEEX$EBA8$MICROLIB$REQ8$PRES8$EABIv2 0x00000000   Number         0  anon$$obj.o ABSOLUTE
    __ARM_use_no_argv                        0x00000000   Number         0  main.o ABSOLUTE
    __cpp_initialize__aeabi_                  - Undefined Weak Reference
    __cxa_finalize                            - Undefined Weak Reference
    __decompress                              - Undefined Weak Reference
    _clock_init                               - Undefined Weak Reference
    _microlib_exit                            - Undefined Weak Reference
    __Vectors_Size                           0x000000b4   Number         0  startup_stm32f030x8.o ABSOLUTE
    __Vectors                                0x08000000   Data           4  startup_stm32f030x8.o(RESET)
    __Vectors_End                            0x080000b4   Data           0  startup_stm32f030x8.o(RESET)
    __main                                   0x080000b5   Thumb Code     0  entry.o(.ARM.Collect$$$$00000000)
    _main_stk                                0x080000b5   Thumb Code     0  entry2.o(.ARM.Collect$$$$00000001)
    _main_scatterload                        0x080000b9   Thumb Code     0  entry5.o(.ARM.Collect$$$$00000004)
    __main_after_scatterload                 0x080000bd   Thumb Code     0  entry5.o(.ARM.Collect$$$$00000004)
    _main_clock                              0x080000bd   Thumb Code     0  entry7b.o(.ARM.Collect$$$$00000008)
    _main_cpp_init                           0x080000bd   Thumb Code     0  entry8b.o(.ARM.Collect$$$$0000000A)
    _main_init                               0x080000bd   Thumb Code     0  entry9a.o(.ARM.Collect$$$$0000000B)
    __rt_final_cpp                           0x080000c5   Thumb Code     0  entry10a.o(.ARM.Collect$$$$0000000D)
    __rt_final_exit                          0x080000c5   Thumb Code     0  entry11a.o(.ARM.Collect$$$$0000000F)
    Reset_Handler                            0x080000c9   Thumb Code     8  startup_stm32f030x8.o(.text)
    NMI_Handler                              0x080000d1   Thumb Code     2  startup_stm32f030x8.o(.text)
    HardFault_Handler                        0x080000d3   Thumb Code     2  startup_stm32f030x8.o(.text)
    SVC_Handler                              0x080000d5   Thumb Code     2  startup_stm32f030x8.o(.text)
    PendSV_Handler                           0x080000d7   Thumb Code     2  startup_stm32f030x8.o(.text)
    ADC1_IRQHandler                          0x080000db   Thumb Code     0  startup_stm32f030x8.o(.text)
    DMA1_Channel1_IRQHandler                 0x080000db   Thumb Code     0  startup_stm32f030x8.o(.text)
    DMA1_Channel2_3_IRQHandler               0x080000db   Thumb Code     0  startup_stm32f030x8.o(.text)
    DMA1_Channel4_5_IRQHandler               0x080000db   Thumb Code     0  startup_stm32f030x8.o(.text)
    EXTI0_1_IRQHandler                       0x080000db   Thumb Code     0  startup_stm32f030x8.o(.text)
    EXTI2_3_IRQHandler                       0x080000db   Thumb Code     0  startup_stm32f030x8.o(.text)
    FLASH_IRQHandler                         0x080000db   Thumb Code     0  startup_stm32f030x8.o(.text)
    I2C1_IRQHandler                          0x080000db   Thumb Code     0  startup_stm32f030x8.o(.text)
    I2C2_IRQHandler                          0x080000db   Thumb Code     0  startup_stm32f030x8.o(.text)
    RCC_IRQHandler                           0x080000db   Thumb Code     0  startup_stm32f030x8.o(.text)
    RTC_IRQHandler                           0x080000db   Thumb Code     0  startup_stm32f030x8.o(.text)
    SPI1_IRQHandler                          0x080000db   Thumb Code     0  startup_stm32f030x8.o(.text)
    SPI2_IRQHandler                          0x080000db   Thumb Code     0  startup_stm32f030x8.o(.text)
    TIM14_IRQHandler                         0x080000db   Thumb Code     0  startup_stm32f030x8.o(.text)
    TIM15_IRQHandler                         0x080000db   Thumb Code     0  startup_stm32f030x8.o(.text)
    TIM16_IRQHandler                         0x080000db   Thumb Code     0  startup_stm32f030x8.o(.text)
    TIM17_IRQHandler                         0x080000db   Thumb Code     0  startup_stm32f030x8.o(.text)
    TIM1_BRK_UP_TRG_COM_IRQHandler           0x080000db   Thumb Code     0  startup_stm32f030x8.o(.text)
    TIM1_CC_IRQHandler                       0x080000db   Thumb Code     0  startup_stm32f030x8.o(.text)
    TIM3_IRQHandler                          0x080000db   Thumb Code     0  startup_stm32f030x8.o(.text)
    TIM6_IRQHandler                          0x080000db   Thumb Code     0  startup_stm32f030x8.o(.text)
    USART2_IRQHandler                        0x080000db   Thumb Code     0  startup_stm32f030x8.o(.text)
    WWDG_IRQHandler                          0x080000db   Thumb Code     0  startup_stm32f030x8.o(.text)
    __aeabi_uidiv                            0x080000e5   Thumb Code     0  uidiv.o(.text)
    __aeabi_uidivmod                         0x080000e5   Thumb Code    44  uidiv.o(.text)
    __aeabi_idiv                             0x08000111   Thumb Code     0  idiv.o(.text)
    __aeabi_idivmod                          0x08000111   Thumb Code    40  idiv.o(.text)
    __aeabi_llsr                             0x08000139   Thumb Code    34  llushr.o(.text)
    _ll_ushift_r                             0x08000139   Thumb Code     0  llushr.o(.text)
    __aeabi_memset                           0x0800015b   Thumb Code    14  memseta.o(.text)
    __aeabi_memset4                          0x0800015b   Thumb Code     0  memseta.o(.text)
    __aeabi_memset8                          0x0800015b   Thumb Code     0  memseta.o(.text)
    __aeabi_memclr                           0x08000169   Thumb Code     4  memseta.o(.text)
    __aeabi_memclr4                          0x08000169   Thumb Code     0  memseta.o(.text)
    __aeabi_memclr8                          0x08000169   Thumb Code     0  memseta.o(.text)
    _memset$wrapper                          0x0800016d   Thumb Code    18  memseta.o(.text)
    memcmp                                   0x0800017f   Thumb Code    26  memcmp.o(.text)
    __aeabi_fadd                             0x08000199   Thumb Code   162  fadd.o(.text)
    __aeabi_fsub                             0x0800023b   Thumb Code     8  fadd.o(.text)
    __aeabi_frsub                            0x08000243   Thumb Code     8  fadd.o(.text)
    __aeabi_fmul                             0x0800024b   Thumb Code   122  fmul.o(.text)
    __aeabi_fdiv                             0x080002c5   Thumb Code   124  fdiv.o(.text)
    __ARM_scalbnf                            0x08000341   Thumb Code    24  fscalb.o(.text)
    scalbnf                                  0x08000341   Thumb Code     0  fscalb.o(.text)
    __aeabi_dadd                             0x08000359   Thumb Code   328  dadd.o(.text)
    __aeabi_dsub                             0x080004a1   Thumb Code    12  dadd.o(.text)
    __aeabi_drsub                            0x080004ad   Thumb Code    12  dadd.o(.text)
    __aeabi_ddiv                             0x080004bd   Thumb Code   234  ddiv.o(.text)
    __ARM_scalbn                             0x080005ad   Thumb Code    44  dscalb.o(.text)
    scalbn                                   0x080005ad   Thumb Code     0  dscalb.o(.text)
    __aeabi_i2f                              0x080005d9   Thumb Code    22  fflti.o(.text)
    __aeabi_ui2f                             0x080005ef   Thumb Code    14  ffltui.o(.text)
    __aeabi_f2iz                             0x080005fd   Thumb Code    50  ffixi.o(.text)
    __aeabi_f2uiz                            0x0800062f   Thumb Code    40  ffixui.o(.text)
    __aeabi_f2d                              0x08000657   Thumb Code    40  f2d.o(.text)
    __aeabi_cdrcmple                         0x08000681   Thumb Code    38  cdrcmple.o(.text)
    __aeabi_d2f                              0x080006a9   Thumb Code    56  d2f.o(.text)
    __aeabi_llsl                             0x080006e1   Thumb Code    32  llshl.o(.text)
    _ll_shift_l                              0x080006e1   Thumb Code     0  llshl.o(.text)
    __aeabi_lasr                             0x08000701   Thumb Code    38  llsshr.o(.text)
    _ll_sshift_r                             0x08000701   Thumb Code     0  llsshr.o(.text)
    __I$use$fp                               0x08000727   Thumb Code     0  iusefp.o(.text)
    _float_round                             0x08000727   Thumb Code    16  fepilogue.o(.text)
    _float_epilogue                          0x08000737   Thumb Code   114  fepilogue.o(.text)
    _double_round                            0x080007a9   Thumb Code    26  depilogue.o(.text)
    _double_epilogue                         0x080007c3   Thumb Code   164  depilogue.o(.text)
    __aeabi_dmul                             0x08000869   Thumb Code   202  dmul.o(.text)
    __scatterload                            0x08000939   Thumb Code    28  init.o(.text)
    __scatterload_rt2                        0x08000939   Thumb Code     0  init.o(.text)
    _dsqrt                                   0x0800095d   Thumb Code   162  dsqrt.o(.text)
    EXTI4_15_IRQHandler                      0x08000a01   Thumb Code    22  stm32f0xx_it.o(i.EXTI4_15_IRQHandler)
    HAL_DMA_Abort_IT                         0x08000a1d   Thumb Code    72  stm32f0xx_hal_dma.o(i.HAL_DMA_Abort_IT)
    HAL_Delay                                0x08000a65   Thumb Code    28  stm32f0xx_hal.o(i.HAL_Delay)
    HAL_GPIO_EXTI_Callback                   0x08000a81   Thumb Code     2  stm32f0xx_hal_gpio.o(i.HAL_GPIO_EXTI_Callback)
    HAL_GPIO_EXTI_IRQHandler                 0x08000a85   Thumb Code    18  stm32f0xx_hal_gpio.o(i.HAL_GPIO_EXTI_IRQHandler)
    HAL_GPIO_Init                            0x08000a9d   Thumb Code   302  stm32f0xx_hal_gpio.o(i.HAL_GPIO_Init)
    HAL_GPIO_TogglePin                       0x08000be5   Thumb Code     8  stm32f0xx_hal_gpio.o(i.HAL_GPIO_TogglePin)
    HAL_GPIO_WritePin                        0x08000bed   Thumb Code    12  stm32f0xx_hal_gpio.o(i.HAL_GPIO_WritePin)
    HAL_GetTick                              0x08000bf9   Thumb Code     6  stm32f0xx_hal.o(i.HAL_GetTick)
    HAL_I2CEx_ConfigAnalogFilter             0x08000c05   Thumb Code    74  stm32f0xx_hal_i2c_ex.o(i.HAL_I2CEx_ConfigAnalogFilter)
    HAL_I2CEx_ConfigDigitalFilter            0x08000c4f   Thumb Code    72  stm32f0xx_hal_i2c_ex.o(i.HAL_I2CEx_ConfigDigitalFilter)
    HAL_I2C_Init                             0x08000c99   Thumb Code   176  stm32f0xx_hal_i2c.o(i.HAL_I2C_Init)
    HAL_I2C_Master_Receive                   0x08000d4d   Thumb Code   274  stm32f0xx_hal_i2c.o(i.HAL_I2C_Master_Receive)
    HAL_I2C_Master_Transmit                  0x08000e65   Thumb Code   274  stm32f0xx_hal_i2c.o(i.HAL_I2C_Master_Transmit)
    HAL_I2C_MspInit                          0x08000f7d   Thumb Code    60  i2c.o(i.HAL_I2C_MspInit)
    HAL_IncTick                              0x08000fc5   Thumb Code    10  stm32f0xx_hal.o(i.HAL_IncTick)
    HAL_Init                                 0x08000fd5   Thumb Code    26  stm32f0xx_hal.o(i.HAL_Init)
    HAL_InitTick                             0x08000ff5   Thumb Code    34  stm32f0xx_hal.o(i.HAL_InitTick)
    HAL_MspInit                              0x08001019   Thumb Code    50  stm32f0xx_hal_msp.o(i.HAL_MspInit)
    HAL_NVIC_EnableIRQ                       0x08001051   Thumb Code    14  stm32f0xx_hal_cortex.o(i.HAL_NVIC_EnableIRQ)
    HAL_NVIC_SetPriority                     0x08001065   Thumb Code     8  stm32f0xx_hal_cortex.o(i.HAL_NVIC_SetPriority)
    HAL_RCCEx_PeriphCLKConfig                0x0800106d   Thumb Code   218  stm32f0xx_hal_rcc_ex.o(i.HAL_RCCEx_PeriphCLKConfig)
    HAL_RCC_ClockConfig                      0x08001155   Thumb Code   280  stm32f0xx_hal_rcc.o(i.HAL_RCC_ClockConfig)
    HAL_RCC_GetHCLKFreq                      0x08001281   Thumb Code     6  stm32f0xx_hal_rcc.o(i.HAL_RCC_GetHCLKFreq)
    HAL_RCC_GetPCLK1Freq                     0x0800128d   Thumb Code    20  stm32f0xx_hal_rcc.o(i.HAL_RCC_GetPCLK1Freq)
    HAL_RCC_GetSysClockFreq                  0x080012ad   Thumb Code    76  stm32f0xx_hal_rcc.o(i.HAL_RCC_GetSysClockFreq)
    HAL_RCC_OscConfig                        0x08001325   Thumb Code   840  stm32f0xx_hal_rcc.o(i.HAL_RCC_OscConfig)
    HAL_SYSTICK_CLKSourceConfig              0x08001679   Thumb Code    20  stm32f0xx_hal_cortex.o(i.HAL_SYSTICK_CLKSourceConfig)
    HAL_SYSTICK_Callback                     0x08001691   Thumb Code     2  stm32f0xx_hal_cortex.o(i.HAL_SYSTICK_Callback)
    HAL_SYSTICK_Config                       0x08001695   Thumb Code    38  stm32f0xx_hal_cortex.o(i.HAL_SYSTICK_Config)
    HAL_SYSTICK_IRQHandler                   0x080016c5   Thumb Code     8  stm32f0xx_hal_cortex.o(i.HAL_SYSTICK_IRQHandler)
    HAL_TIMEx_MasterConfigSynchronization    0x080016cd   Thumb Code    72  stm32f0xx_hal_tim_ex.o(i.HAL_TIMEx_MasterConfigSynchronization)
    HAL_TIM_Base_Init                        0x08001715   Thumb Code    52  stm32f0xx_hal_tim.o(i.HAL_TIM_Base_Init)
    HAL_TIM_Base_MspInit                     0x08001749   Thumb Code    28  tim.o(i.HAL_TIM_Base_MspInit)
    HAL_TIM_ConfigClockSource                0x0800176d   Thumb Code   238  stm32f0xx_hal_tim.o(i.HAL_TIM_ConfigClockSource)
    HAL_TIM_MspPostInit                      0x0800185d   Thumb Code    62  tim.o(i.HAL_TIM_MspPostInit)
    HAL_TIM_PWM_ConfigChannel                0x080018a5   Thumb Code   208  stm32f0xx_hal_tim.o(i.HAL_TIM_PWM_ConfigChannel)
    HAL_TIM_PWM_Init                         0x08001975   Thumb Code    52  stm32f0xx_hal_tim.o(i.HAL_TIM_PWM_Init)
    HAL_TIM_PWM_MspInit                      0x080019a9   Thumb Code     2  stm32f0xx_hal_tim.o(i.HAL_TIM_PWM_MspInit)
    HAL_TIM_PWM_Start                        0x080019ad   Thumb Code    62  stm32f0xx_hal_tim.o(i.HAL_TIM_PWM_Start)
    HAL_UART_ErrorCallback                   0x080019fd   Thumb Code     2  stm32f0xx_hal_uart.o(i.HAL_UART_ErrorCallback)
    HAL_UART_IRQHandler                      0x08001a01   Thumb Code   272  stm32f0xx_hal_uart.o(i.HAL_UART_IRQHandler)
    HAL_UART_Init                            0x08001b15   Thumb Code   108  stm32f0xx_hal_uart.o(i.HAL_UART_Init)
    HAL_UART_MspInit                         0x08001b81   Thumb Code    80  usart.o(i.HAL_UART_MspInit)
    HAL_UART_RxCpltCallback                  0x08001bd9   Thumb Code     2  stm32f0xx_hal_uart.o(i.HAL_UART_RxCpltCallback)
    HAL_UART_Transmit                        0x08001bdb   Thumb Code   200  stm32f0xx_hal_uart.o(i.HAL_UART_Transmit)
    HAL_UART_TxCpltCallback                  0x08001ca3   Thumb Code     2  stm32f0xx_hal_uart.o(i.HAL_UART_TxCpltCallback)
    MX_GPIO_Init                             0x08001ec1   Thumb Code   182  gpio.o(i.MX_GPIO_Init)
    MX_I2C1_Init                             0x08001f91   Thumb Code    88  i2c.o(i.MX_I2C1_Init)
    MX_TIM3_Init                             0x08002005   Thumb Code   200  tim.o(i.MX_TIM3_Init)
    MX_USART1_UART_Init                      0x080020e9   Thumb Code    52  usart.o(i.MX_USART1_UART_Init)
    SysTick_Handler                          0x08002179   Thumb Code    12  stm32f0xx_it.o(i.SysTick_Handler)
    SystemClock_Config                       0x08002185   Thumb Code   120  main.o(i.SystemClock_Config)
    SystemInit                               0x080021fd   Thumb Code    78  system_stm32f0xx.o(i.SystemInit)
    TIM_Base_SetConfig                       0x08002259   Thumb Code   112  stm32f0xx_hal_tim.o(i.TIM_Base_SetConfig)
    TIM_CCxChannelCmd                        0x080022e1   Thumb Code    22  stm32f0xx_hal_tim.o(i.TIM_CCxChannelCmd)
    TIM_ETR_SetConfig                        0x080022f7   Thumb Code    22  stm32f0xx_hal_tim.o(i.TIM_ETR_SetConfig)
    TIM_OC2_SetConfig                        0x080023a5   Thumb Code   110  stm32f0xx_hal_tim.o(i.TIM_OC2_SetConfig)
    UART_AdvFeatureConfig                    0x0800255d   Thumb Code   202  stm32f0xx_hal_uart.o(i.UART_AdvFeatureConfig)
    UART_CheckIdleState                      0x08002627   Thumb Code    18  stm32f0xx_hal_uart.o(i.UART_CheckIdleState)
    UART_EndTransmit_IT                      0x0800266b   Thumb Code    26  stm32f0xx_hal_uart.o(i.UART_EndTransmit_IT)
    UART_Receive_IT                          0x08002685   Thumb Code   122  stm32f0xx_hal_uart.o(i.UART_Receive_IT)
    UART_SetConfig                           0x08002701   Thumb Code   280  stm32f0xx_hal_uart.o(i.UART_SetConfig)
    UART_Transmit_IT                         0x08002831   Thumb Code   102  stm32f0xx_hal_uart.o(i.UART_Transmit_IT)
    UART_WaitOnFlagUntilTimeout              0x08002897   Thumb Code    98  stm32f0xx_hal_uart.o(i.UART_WaitOnFlagUntilTimeout)
    USART1_IRQHandler                        0x080028f9   Thumb Code    16  stm32f0xx_it.o(i.USART1_IRQHandler)
    _Error_Handler                           0x08002911   Thumb Code     2  main.o(i._Error_Handler)
    __ARM_clz                                0x08002913   Thumb Code    46  depilogue.o(i.__ARM_clz)
    __ARM_fpclassify                         0x08002941   Thumb Code    40  fpclassify.o(i.__ARM_fpclassify)
    __kernel_poly                            0x0800296d   Thumb Code   172  poly.o(i.__kernel_poly)
    __mathlib_dbl_infnan                     0x08002a19   Thumb Code    10  dunder.o(i.__mathlib_dbl_infnan)
    __mathlib_dbl_infnan2                    0x08002a23   Thumb Code     8  dunder.o(i.__mathlib_dbl_infnan2)
    __mathlib_dbl_invalid                    0x08002a2b   Thumb Code    16  dunder.o(i.__mathlib_dbl_invalid)
    __mathlib_dbl_underflow                  0x08002a3d   Thumb Code    14  dunder.o(i.__mathlib_dbl_underflow)
    __scatterload_copy                       0x08002a51   Thumb Code    14  handlers.o(i.__scatterload_copy)
    __scatterload_null                       0x08002a5f   Thumb Code     2  handlers.o(i.__scatterload_null)
    __scatterload_zeroinit                   0x08002a61   Thumb Code    14  handlers.o(i.__scatterload_zeroinit)
    __set_errno                              0x08002a71   Thumb Code     6  errno.o(i.__set_errno)
    addElement                               0x08002a7d   Thumb Code    56  tim.o(i.addElement)
    asin                                     0x08002ac1   Thumb Code   574  asin.o(i.asin)
    atan                                     0x08002d35   Thumb Code   472  atan.o(i.atan)
    atan2                                    0x08002f51   Thumb Code   334  atan2.o(i.atan2)
    dmp_enable_6x_lp_quat                    0x080030c9   Thumb Code    52  inv_mpu_dmp_motion_driver.o(i.dmp_enable_6x_lp_quat)
    dmp_enable_feature                       0x08003101   Thumb Code   414  inv_mpu_dmp_motion_driver.o(i.dmp_enable_feature)
    dmp_enable_gyro_cal                      0x080032b5   Thumb Code    38  inv_mpu_dmp_motion_driver.o(i.dmp_enable_gyro_cal)
    dmp_enable_lp_quat                       0x080032f5   Thumb Code    52  inv_mpu_dmp_motion_driver.o(i.dmp_enable_lp_quat)
    dmp_load_motion_driver_firmware          0x0800332d   Thumb Code    18  inv_mpu_dmp_motion_driver.o(i.dmp_load_motion_driver_firmware)
    dmp_read_fifo                            0x08003349   Thumb Code   352  inv_mpu_dmp_motion_driver.o(i.dmp_read_fifo)
    dmp_register_android_orient_cb           0x080034b1   Thumb Code     8  inv_mpu_dmp_motion_driver.o(i.dmp_register_android_orient_cb)
    dmp_register_tap_cb                      0x080034bd   Thumb Code     8  inv_mpu_dmp_motion_driver.o(i.dmp_register_tap_cb)
    dmp_set_fifo_rate                        0x080034c9   Thumb Code    82  inv_mpu_dmp_motion_driver.o(i.dmp_set_fifo_rate)
    dmp_set_orientation                      0x08003535   Thumb Code   214  inv_mpu_dmp_motion_driver.o(i.dmp_set_orientation)
    dmp_set_shake_reject_thresh              0x08003625   Thumb Code    44  inv_mpu_dmp_motion_driver.o(i.dmp_set_shake_reject_thresh)
    dmp_set_shake_reject_time                0x08003651   Thumb Code    30  inv_mpu_dmp_motion_driver.o(i.dmp_set_shake_reject_time)
    dmp_set_shake_reject_timeout             0x0800366f   Thumb Code    30  inv_mpu_dmp_motion_driver.o(i.dmp_set_shake_reject_timeout)
    dmp_set_tap_axes                         0x0800368d   Thumb Code    54  inv_mpu_dmp_motion_driver.o(i.dmp_set_tap_axes)
    dmp_set_tap_count                        0x080036c3   Thumb Code    36  inv_mpu_dmp_motion_driver.o(i.dmp_set_tap_count)
    dmp_set_tap_thresh                       0x080036e9   Thumb Code   280  inv_mpu_dmp_motion_driver.o(i.dmp_set_tap_thresh)
    dmp_set_tap_time                         0x08003819   Thumb Code    30  inv_mpu_dmp_motion_driver.o(i.dmp_set_tap_time)
    dmp_set_tap_time_multi                   0x08003837   Thumb Code    30  inv_mpu_dmp_motion_driver.o(i.dmp_set_tap_time_multi)
    getAverage                               0x08003855   Thumb Code    56  tim.o(i.getAverage)
    gyro_data_ready_cb                       0x08003891   Thumb Code    18  main.o(i.gyro_data_ready_cb)
    i2c_read                                 0x080038ad   Thumb Code    54  i2c.o(i.i2c_read)
    i2c_write                                0x080038e9   Thumb Code    58  i2c.o(i.i2c_write)
    main                                     0x08003969   Thumb Code  1176  main.o(i.main)
    mpu_configure_fifo                       0x08003e0d   Thumb Code    86  inv_mpu.o(i.mpu_configure_fifo)
    mpu_get_accel_fsr                        0x08003e69   Thumb Code    58  inv_mpu.o(i.mpu_get_accel_fsr)
    mpu_get_gyro_fsr                         0x08003ea9   Thumb Code    50  inv_mpu.o(i.mpu_get_gyro_fsr)
    mpu_get_sample_rate                      0x08003ee1   Thumb Code    26  inv_mpu.o(i.mpu_get_sample_rate)
    mpu_init                                 0x08003f01   Thumb Code   190  inv_mpu.o(i.mpu_init)
    mpu_load_firmware                        0x08003fc5   Thumb Code   152  inv_mpu.o(i.mpu_load_firmware)
    mpu_lp_accel_mode                        0x08004061   Thumb Code   158  inv_mpu.o(i.mpu_lp_accel_mode)
    mpu_read_fifo_stream                     0x08004105   Thumb Code   152  inv_mpu.o(i.mpu_read_fifo_stream)
    mpu_read_mem                             0x080041a1   Thumb Code    80  inv_mpu.o(i.mpu_read_mem)
    mpu_reset_fifo                           0x080041f9   Thumb Code   358  inv_mpu.o(i.mpu_reset_fifo)
    mpu_set_accel_fsr                        0x08004365   Thumb Code   100  inv_mpu.o(i.mpu_set_accel_fsr)
    mpu_set_bypass                           0x080043cd   Thumb Code   216  inv_mpu.o(i.mpu_set_bypass)
    mpu_set_dmp_state                        0x080044a9   Thumb Code   114  inv_mpu.o(i.mpu_set_dmp_state)
    mpu_set_gyro_fsr                         0x08004521   Thumb Code   106  inv_mpu.o(i.mpu_set_gyro_fsr)
    mpu_set_int_latched                      0x08004591   Thumb Code   100  inv_mpu.o(i.mpu_set_int_latched)
    mpu_set_lpf                              0x080045f9   Thumb Code   104  inv_mpu.o(i.mpu_set_lpf)
    mpu_set_sample_rate                      0x08004665   Thumb Code   142  inv_mpu.o(i.mpu_set_sample_rate)
    mpu_set_sensors                          0x080046f9   Thumb Code   184  inv_mpu.o(i.mpu_set_sensors)
    mpu_write_mem                            0x080047b5   Thumb Code    80  inv_mpu.o(i.mpu_write_mem)
    send_packet                              0x0800480d   Thumb Code   328  main.o(i.send_packet)
    sqrt                                     0x080049bd   Thumb Code    66  sqrt.o(i.sqrt)
    updateChannel1                           0x08004a19   Thumb Code    24  tim.o(i.updateChannel1)
    updateChannel2                           0x08004a39   Thumb Code    24  tim.o(i.updateChannel2)
    updateChannel3                           0x08004a59   Thumb Code    26  tim.o(i.updateChannel3)
    AHBPrescTable                            0x08004a78   Data          16  system_stm32f0xx.o(.constdata)
    APBPrescTable                            0x08004a88   Data           8  system_stm32f0xx.o(.constdata)
    reg                                      0x08004a90   Data          30  inv_mpu.o(.constdata)
    hw                                       0x08004aae   Data          12  inv_mpu.o(.constdata)
    test                                     0x08004abc   Data          40  inv_mpu.o(.constdata)
    __mathlib_zero                           0x080057c8   Data           8  qnan.o(.constdata)
    Region$$Table$$Base                      0x080057d0   Number         0  anon$$obj.o(Region$$Table)
    Region$$Table$$Limit                     0x080057f0   Number         0  anon$$obj.o(Region$$Table)
    SystemCoreClock                          0x20000000   Data           4  system_stm32f0xx.o(.data)
    uwTick                                   0x20000004   Data           4  stm32f0xx_hal.o(.data)
    hi2c1                                    0x200000bc   Data          76  i2c.o(.bss)
    huart1                                   0x20000108   Data         112  usart.o(.bss)
    channel1Filter                           0x20000188   Data         132  tim.o(.bss)
    channel2Filter                           0x2000020c   Data         132  tim.o(.bss)
    channel3Filter                           0x20000290   Data         132  tim.o(.bss)
    htim3                                    0x20000314   Data          64  tim.o(.bss)
    __initial_sp                             0x20000758   Data           0  startup_stm32f030x8.o(STACK)



==============================================================================

Memory Map of the image

  Image Entry point : 0x080000b5

  Load Region LR_IROM1 (Base: 0x08000000, Size: 0x0000589c, Max: 0x00010000, ABSOLUTE)

    Execution Region ER_IROM1 (Base: 0x08000000, Size: 0x000057f0, Max: 0x00010000, ABSOLUTE)

    Base Addr    Size         Type   Attr      Idx    E Section Name        Object

    0x08000000   0x000000b4   Data   RO         2626    RESET               startup_stm32f030x8.o
    0x080000b4   0x00000000   Code   RO         3526  * .ARM.Collect$$$$00000000  mc_p.l(entry.o)
    0x080000b4   0x00000004   Code   RO         3608    .ARM.Collect$$$$00000001  mc_p.l(entry2.o)
    0x080000b8   0x00000004   Code   RO         3611    .ARM.Collect$$$$00000004  mc_p.l(entry5.o)
    0x080000bc   0x00000000   Code   RO         3613    .ARM.Collect$$$$00000008  mc_p.l(entry7b.o)
    0x080000bc   0x00000000   Code   RO         3615    .ARM.Collect$$$$0000000A  mc_p.l(entry8b.o)
    0x080000bc   0x00000008   Code   RO         3616    .ARM.Collect$$$$0000000B  mc_p.l(entry9a.o)
    0x080000c4   0x00000000   Code   RO         3618    .ARM.Collect$$$$0000000D  mc_p.l(entry10a.o)
    0x080000c4   0x00000000   Code   RO         3620    .ARM.Collect$$$$0000000F  mc_p.l(entry11a.o)
    0x080000c4   0x00000004   Code   RO         3609    .ARM.Collect$$$$00002712  mc_p.l(entry2.o)
    0x080000c8   0x0000001c   Code   RO         2627    .text               startup_stm32f030x8.o
    0x080000e4   0x0000002c   Code   RO         3529    .text               mc_p.l(uidiv.o)
    0x08000110   0x00000028   Code   RO         3531    .text               mc_p.l(idiv.o)
    0x08000138   0x00000022   Code   RO         3537    .text               mc_p.l(llushr.o)
    0x0800015a   0x00000024   Code   RO         3539    .text               mc_p.l(memseta.o)
    0x0800017e   0x0000001a   Code   RO         3541    .text               mc_p.l(memcmp.o)
    0x08000198   0x000000b2   Code   RO         3543    .text               mf_p.l(fadd.o)
    0x0800024a   0x0000007a   Code   RO         3545    .text               mf_p.l(fmul.o)
    0x080002c4   0x0000007c   Code   RO         3547    .text               mf_p.l(fdiv.o)
    0x08000340   0x00000018   Code   RO         3549    .text               mf_p.l(fscalb.o)
    0x08000358   0x00000164   Code   RO         3551    .text               mf_p.l(dadd.o)
    0x080004bc   0x000000f0   Code   RO         3553    .text               mf_p.l(ddiv.o)
    0x080005ac   0x0000002c   Code   RO         3555    .text               mf_p.l(dscalb.o)
    0x080005d8   0x00000016   Code   RO         3557    .text               mf_p.l(fflti.o)
    0x080005ee   0x0000000e   Code   RO         3559    .text               mf_p.l(ffltui.o)
    0x080005fc   0x00000032   Code   RO         3561    .text               mf_p.l(ffixi.o)
    0x0800062e   0x00000028   Code   RO         3563    .text               mf_p.l(ffixui.o)
    0x08000656   0x00000028   Code   RO         3565    .text               mf_p.l(f2d.o)
    0x0800067e   0x00000002   PAD
    0x08000680   0x00000028   Code   RO         3567    .text               mf_p.l(cdrcmple.o)
    0x080006a8   0x00000038   Code   RO         3569    .text               mf_p.l(d2f.o)
    0x080006e0   0x00000020   Code   RO         3624    .text               mc_p.l(llshl.o)
    0x08000700   0x00000026   Code   RO         3626    .text               mc_p.l(llsshr.o)
    0x08000726   0x00000000   Code   RO         3635    .text               mc_p.l(iusefp.o)
    0x08000726   0x00000082   Code   RO         3636    .text               mf_p.l(fepilogue.o)
    0x080007a8   0x000000be   Code   RO         3638    .text               mf_p.l(depilogue.o)
    0x08000866   0x00000002   PAD
    0x08000868   0x000000d0   Code   RO         3642    .text               mf_p.l(dmul.o)
    0x08000938   0x00000024   Code   RO         3644    .text               mc_p.l(init.o)
    0x0800095c   0x000000a2   Code   RO         3646    .text               mf_p.l(dsqrt.o)
    0x080009fe   0x00000002   PAD
    0x08000a00   0x0000001c   Code   RO         2863    i.EXTI4_15_IRQHandler  stm32f0xx_it.o
    0x08000a1c   0x00000048   Code   RO         1356    i.HAL_DMA_Abort_IT  stm32f0xx_hal_dma.o
    0x08000a64   0x0000001c   Code   RO          997    i.HAL_Delay         stm32f0xx_hal.o
    0x08000a80   0x00000002   Code   RO          129    i.HAL_GPIO_EXTI_Callback  stm32f0xx_hal_gpio.o
    0x08000a82   0x00000002   PAD
    0x08000a84   0x00000018   Code   RO          130    i.HAL_GPIO_EXTI_IRQHandler  stm32f0xx_hal_gpio.o
    0x08000a9c   0x00000148   Code   RO          131    i.HAL_GPIO_Init     stm32f0xx_hal_gpio.o
    0x08000be4   0x00000008   Code   RO          134    i.HAL_GPIO_TogglePin  stm32f0xx_hal_gpio.o
    0x08000bec   0x0000000c   Code   RO          135    i.HAL_GPIO_WritePin  stm32f0xx_hal_gpio.o
    0x08000bf8   0x0000000c   Code   RO         1001    i.HAL_GetTick       stm32f0xx_hal.o
    0x08000c04   0x0000004a   Code   RO         1221    i.HAL_I2CEx_ConfigAnalogFilter  stm32f0xx_hal_i2c_ex.o
    0x08000c4e   0x00000048   Code   RO         1222    i.HAL_I2CEx_ConfigDigitalFilter  stm32f0xx_hal_i2c_ex.o
    0x08000c96   0x00000002   PAD
    0x08000c98   0x000000b4   Code   RO          205    i.HAL_I2C_Init      stm32f0xx_hal_i2c.o
    0x08000d4c   0x00000118   Code   RO          211    i.HAL_I2C_Master_Receive  stm32f0xx_hal_i2c.o
    0x08000e64   0x00000118   Code   RO          216    i.HAL_I2C_Master_Transmit  stm32f0xx_hal_i2c.o
    0x08000f7c   0x00000048   Code   RO         2750    i.HAL_I2C_MspInit   i2c.o
    0x08000fc4   0x00000010   Code   RO         1005    i.HAL_IncTick       stm32f0xx_hal.o
    0x08000fd4   0x00000020   Code   RO         1006    i.HAL_Init          stm32f0xx_hal.o
    0x08000ff4   0x00000022   Code   RO         1007    i.HAL_InitTick      stm32f0xx_hal.o
    0x08001016   0x00000002   PAD
    0x08001018   0x00000038   Code   RO         2729    i.HAL_MspInit       stm32f0xx_hal_msp.o
    0x08001050   0x00000014   Code   RO         1261    i.HAL_NVIC_EnableIRQ  stm32f0xx_hal_cortex.o
    0x08001064   0x00000008   Code   RO         1265    i.HAL_NVIC_SetPriority  stm32f0xx_hal_cortex.o
    0x0800106c   0x000000e8   Code   RO         1957    i.HAL_RCCEx_PeriphCLKConfig  stm32f0xx_hal_rcc_ex.o
    0x08001154   0x0000012c   Code   RO         1130    i.HAL_RCC_ClockConfig  stm32f0xx_hal_rcc.o
    0x08001280   0x0000000c   Code   RO         1135    i.HAL_RCC_GetHCLKFreq  stm32f0xx_hal_rcc.o
    0x0800128c   0x00000020   Code   RO         1137    i.HAL_RCC_GetPCLK1Freq  stm32f0xx_hal_rcc.o
    0x080012ac   0x00000078   Code   RO         1138    i.HAL_RCC_GetSysClockFreq  stm32f0xx_hal_rcc.o
    0x08001324   0x00000354   Code   RO         1141    i.HAL_RCC_OscConfig  stm32f0xx_hal_rcc.o
    0x08001678   0x00000018   Code   RO         1267    i.HAL_SYSTICK_CLKSourceConfig  stm32f0xx_hal_cortex.o
    0x08001690   0x00000002   Code   RO         1268    i.HAL_SYSTICK_Callback  stm32f0xx_hal_cortex.o
    0x08001692   0x00000002   PAD
    0x08001694   0x00000030   Code   RO         1269    i.HAL_SYSTICK_Config  stm32f0xx_hal_cortex.o
    0x080016c4   0x00000008   Code   RO         1270    i.HAL_SYSTICK_IRQHandler  stm32f0xx_hal_cortex.o
    0x080016cc   0x00000048   Code   RO          748    i.HAL_TIMEx_MasterConfigSynchronization  stm32f0xx_hal_tim_ex.o
    0x08001714   0x00000034   Code   RO         1989    i.HAL_TIM_Base_Init  stm32f0xx_hal_tim.o
    0x08001748   0x00000024   Code   RO         3431    i.HAL_TIM_Base_MspInit  tim.o
    0x0800176c   0x000000ee   Code   RO         1998    i.HAL_TIM_ConfigClockSource  stm32f0xx_hal_tim.o
    0x0800185a   0x00000002   PAD
    0x0800185c   0x00000048   Code   RO         3432    i.HAL_TIM_MspPostInit  tim.o
    0x080018a4   0x000000d0   Code   RO         2057    i.HAL_TIM_PWM_ConfigChannel  stm32f0xx_hal_tim.o
    0x08001974   0x00000034   Code   RO         2060    i.HAL_TIM_PWM_Init  stm32f0xx_hal_tim.o
    0x080019a8   0x00000002   Code   RO         2062    i.HAL_TIM_PWM_MspInit  stm32f0xx_hal_tim.o
    0x080019aa   0x00000002   PAD
    0x080019ac   0x00000050   Code   RO         2064    i.HAL_TIM_PWM_Start  stm32f0xx_hal_tim.o
    0x080019fc   0x00000002   Code   RO         1471    i.HAL_UART_ErrorCallback  stm32f0xx_hal_uart.o
    0x080019fe   0x00000002   PAD
    0x08001a00   0x00000114   Code   RO         1474    i.HAL_UART_IRQHandler  stm32f0xx_hal_uart.o
    0x08001b14   0x0000006c   Code   RO         1475    i.HAL_UART_Init     stm32f0xx_hal_uart.o
    0x08001b80   0x00000058   Code   RO         2820    i.HAL_UART_MspInit  usart.o
    0x08001bd8   0x00000002   Code   RO         1481    i.HAL_UART_RxCpltCallback  stm32f0xx_hal_uart.o
    0x08001bda   0x000000c8   Code   RO         1483    i.HAL_UART_Transmit  stm32f0xx_hal_uart.o
    0x08001ca2   0x00000002   Code   RO         1486    i.HAL_UART_TxCpltCallback  stm32f0xx_hal_uart.o
    0x08001ca4   0x00000022   Code   RO          247    i.I2C_Flush_TXDR    stm32f0xx_hal_i2c.o
    0x08001cc6   0x00000002   PAD
    0x08001cc8   0x00000074   Code   RO          255    i.I2C_IsAcknowledgeFailed  stm32f0xx_hal_i2c.o
    0x08001d3c   0x00000024   Code   RO          262    i.I2C_TransferConfig  stm32f0xx_hal_i2c.o
    0x08001d60   0x00000048   Code   RO          263    i.I2C_WaitOnFlagUntilTimeout  stm32f0xx_hal_i2c.o
    0x08001da8   0x00000078   Code   RO          264    i.I2C_WaitOnRXNEFlagUntilTimeout  stm32f0xx_hal_i2c.o
    0x08001e20   0x0000004e   Code   RO          265    i.I2C_WaitOnSTOPFlagUntilTimeout  stm32f0xx_hal_i2c.o
    0x08001e6e   0x00000052   Code   RO          266    i.I2C_WaitOnTXISFlagUntilTimeout  stm32f0xx_hal_i2c.o
    0x08001ec0   0x000000d0   Code   RO         2799    i.MX_GPIO_Init      gpio.o
    0x08001f90   0x00000074   Code   RO         2751    i.MX_I2C1_Init      i2c.o
    0x08002004   0x000000e4   Code   RO         3433    i.MX_TIM3_Init      tim.o
    0x080020e8   0x0000004c   Code   RO         2821    i.MX_USART1_UART_Init  usart.o
    0x08002134   0x00000044   Code   RO         1271    i.NVIC_SetPriority  stm32f0xx_hal_cortex.o
    0x08002178   0x0000000c   Code   RO         2864    i.SysTick_Handler   stm32f0xx_it.o
    0x08002184   0x00000078   Code   RO         2633    i.SystemClock_Config  main.o
    0x080021fc   0x0000005c   Code   RO            4    i.SystemInit        system_stm32f0xx.o
    0x08002258   0x00000088   Code   RO         2075    i.TIM_Base_SetConfig  stm32f0xx_hal_tim.o
    0x080022e0   0x00000016   Code   RO         2076    i.TIM_CCxChannelCmd  stm32f0xx_hal_tim.o
    0x080022f6   0x00000016   Code   RO         2082    i.TIM_ETR_SetConfig  stm32f0xx_hal_tim.o
    0x0800230c   0x00000010   Code   RO         2083    i.TIM_ITRx_SetConfig  stm32f0xx_hal_tim.o
    0x0800231c   0x00000088   Code   RO         2084    i.TIM_OC1_SetConfig  stm32f0xx_hal_tim.o
    0x080023a4   0x00000080   Code   RO         2085    i.TIM_OC2_SetConfig  stm32f0xx_hal_tim.o
    0x08002424   0x00000084   Code   RO         2086    i.TIM_OC3_SetConfig  stm32f0xx_hal_tim.o
    0x080024a8   0x0000006c   Code   RO         2087    i.TIM_OC4_SetConfig  stm32f0xx_hal_tim.o
    0x08002514   0x00000022   Code   RO         2089    i.TIM_TI1_ConfigInputStage  stm32f0xx_hal_tim.o
    0x08002536   0x00000026   Code   RO         2091    i.TIM_TI2_ConfigInputStage  stm32f0xx_hal_tim.o
    0x0800255c   0x000000ca   Code   RO         1488    i.UART_AdvFeatureConfig  stm32f0xx_hal_uart.o
    0x08002626   0x00000012   Code   RO         1489    i.UART_CheckIdleState  stm32f0xx_hal_uart.o
    0x08002638   0x00000014   Code   RO         1490    i.UART_DMAAbortOnError  stm32f0xx_hal_uart.o
    0x0800264c   0x0000001e   Code   RO         1500    i.UART_EndRxTransfer  stm32f0xx_hal_uart.o
    0x0800266a   0x0000001a   Code   RO         1501    i.UART_EndTransmit_IT  stm32f0xx_hal_uart.o
    0x08002684   0x0000007a   Code   RO         1503    i.UART_Receive_IT   stm32f0xx_hal_uart.o
    0x080026fe   0x00000002   PAD
    0x08002700   0x00000130   Code   RO         1504    i.UART_SetConfig    stm32f0xx_hal_uart.o
    0x08002830   0x00000066   Code   RO         1505    i.UART_Transmit_IT  stm32f0xx_hal_uart.o
    0x08002896   0x00000062   Code   RO         1506    i.UART_WaitOnFlagUntilTimeout  stm32f0xx_hal_uart.o
    0x080028f8   0x00000018   Code   RO         2865    i.USART1_IRQHandler  stm32f0xx_it.o
    0x08002910   0x00000002   Code   RO         2634    i._Error_Handler    main.o
    0x08002912   0x0000002e   Code   RO         3640    i.__ARM_clz         mf_p.l(depilogue.o)
    0x08002940   0x0000002c   Code   RO         3595    i.__ARM_fpclassify  m_ps.l(fpclassify.o)
    0x0800296c   0x000000ac   Code   RO         3597    i.__kernel_poly     m_ps.l(poly.o)
    0x08002a18   0x0000000a   Code   RO         3582    i.__mathlib_dbl_infnan  m_ps.l(dunder.o)
    0x08002a22   0x00000008   Code   RO         3583    i.__mathlib_dbl_infnan2  m_ps.l(dunder.o)
    0x08002a2a   0x00000010   Code   RO         3584    i.__mathlib_dbl_invalid  m_ps.l(dunder.o)
    0x08002a3a   0x00000002   PAD
    0x08002a3c   0x00000014   Code   RO         3587    i.__mathlib_dbl_underflow  m_ps.l(dunder.o)
    0x08002a50   0x0000000e   Code   RO         3652    i.__scatterload_copy  mc_p.l(handlers.o)
    0x08002a5e   0x00000002   Code   RO         3653    i.__scatterload_null  mc_p.l(handlers.o)
    0x08002a60   0x0000000e   Code   RO         3654    i.__scatterload_zeroinit  mc_p.l(handlers.o)
    0x08002a6e   0x00000002   PAD
    0x08002a70   0x0000000c   Code   RO         3630    i.__set_errno       mc_p.l(errno.o)
    0x08002a7c   0x00000038   Code   RO         3434    i.addElement        tim.o
    0x08002ab4   0x0000000c   Code   RO         2635    i.android_orient_cb  main.o
    0x08002ac0   0x00000274   Code   RO         3509    i.asin              m_ps.l(asin.o)
    0x08002d34   0x0000021c   Code   RO         3572    i.atan              m_ps.l(atan.o)
    0x08002f50   0x00000178   Code   RO         3519    i.atan2             m_ps.l(atan2.o)
    0x080030c8   0x00000038   Code   RO         3243    i.dmp_enable_6x_lp_quat  inv_mpu_dmp_motion_driver.o
    0x08003100   0x000001b4   Code   RO         3244    i.dmp_enable_feature  inv_mpu_dmp_motion_driver.o
    0x080032b4   0x00000040   Code   RO         3245    i.dmp_enable_gyro_cal  inv_mpu_dmp_motion_driver.o
    0x080032f4   0x00000038   Code   RO         3246    i.dmp_enable_lp_quat  inv_mpu_dmp_motion_driver.o
    0x0800332c   0x0000001c   Code   RO         3251    i.dmp_load_motion_driver_firmware  inv_mpu_dmp_motion_driver.o
    0x08003348   0x00000168   Code   RO         3252    i.dmp_read_fifo     inv_mpu_dmp_motion_driver.o
    0x080034b0   0x0000000c   Code   RO         3253    i.dmp_register_android_orient_cb  inv_mpu_dmp_motion_driver.o
    0x080034bc   0x0000000c   Code   RO         3254    i.dmp_register_tap_cb  inv_mpu_dmp_motion_driver.o
    0x080034c8   0x0000006c   Code   RO         3256    i.dmp_set_fifo_rate  inv_mpu_dmp_motion_driver.o
    0x08003534   0x000000f0   Code   RO         3259    i.dmp_set_orientation  inv_mpu_dmp_motion_driver.o
    0x08003624   0x0000002c   Code   RO         3262    i.dmp_set_shake_reject_thresh  inv_mpu_dmp_motion_driver.o
    0x08003650   0x0000001e   Code   RO         3263    i.dmp_set_shake_reject_time  inv_mpu_dmp_motion_driver.o
    0x0800366e   0x0000001e   Code   RO         3264    i.dmp_set_shake_reject_timeout  inv_mpu_dmp_motion_driver.o
    0x0800368c   0x00000036   Code   RO         3265    i.dmp_set_tap_axes  inv_mpu_dmp_motion_driver.o
    0x080036c2   0x00000024   Code   RO         3266    i.dmp_set_tap_count  inv_mpu_dmp_motion_driver.o
    0x080036e6   0x00000002   PAD
    0x080036e8   0x00000130   Code   RO         3267    i.dmp_set_tap_thresh  inv_mpu_dmp_motion_driver.o
    0x08003818   0x0000001e   Code   RO         3268    i.dmp_set_tap_time  inv_mpu_dmp_motion_driver.o
    0x08003836   0x0000001e   Code   RO         3269    i.dmp_set_tap_time_multi  inv_mpu_dmp_motion_driver.o
    0x08003854   0x0000003c   Code   RO         3435    i.getAverage        tim.o
    0x08003890   0x0000001c   Code   RO         2636    i.gyro_data_ready_cb  main.o
    0x080038ac   0x0000003c   Code   RO         2752    i.i2c_read          i2c.o
    0x080038e8   0x00000040   Code   RO         2753    i.i2c_write         i2c.o
    0x08003928   0x00000040   Code   RO         2637    i.inv_row_2_scale   main.o
    0x08003968   0x000004a4   Code   RO         2638    i.main              main.o
    0x08003e0c   0x0000005c   Code   RO         2918    i.mpu_configure_fifo  inv_mpu.o
    0x08003e68   0x00000040   Code   RO         2919    i.mpu_get_accel_fsr  inv_mpu.o
    0x08003ea8   0x00000038   Code   RO         2927    i.mpu_get_gyro_fsr  inv_mpu.o
    0x08003ee0   0x00000020   Code   RO         2933    i.mpu_get_sample_rate  inv_mpu.o
    0x08003f00   0x000000c4   Code   RO         2935    i.mpu_init          inv_mpu.o
    0x08003fc4   0x0000009c   Code   RO         2936    i.mpu_load_firmware  inv_mpu.o
    0x08004060   0x000000a4   Code   RO         2937    i.mpu_lp_accel_mode  inv_mpu.o
    0x08004104   0x0000009c   Code   RO         2943    i.mpu_read_fifo_stream  inv_mpu.o
    0x080041a0   0x00000058   Code   RO         2944    i.mpu_read_mem      inv_mpu.o
    0x080041f8   0x0000016c   Code   RO         2947    i.mpu_reset_fifo    inv_mpu.o
    0x08004364   0x00000068   Code   RO         2951    i.mpu_set_accel_fsr  inv_mpu.o
    0x080043cc   0x000000dc   Code   RO         2952    i.mpu_set_bypass    inv_mpu.o
    0x080044a8   0x00000078   Code   RO         2954    i.mpu_set_dmp_state  inv_mpu.o
    0x08004520   0x00000070   Code   RO         2956    i.mpu_set_gyro_fsr  inv_mpu.o
    0x08004590   0x00000068   Code   RO         2957    i.mpu_set_int_latched  inv_mpu.o
    0x080045f8   0x0000006c   Code   RO         2959    i.mpu_set_lpf       inv_mpu.o
    0x08004664   0x00000094   Code   RO         2960    i.mpu_set_sample_rate  inv_mpu.o
    0x080046f8   0x000000bc   Code   RO         2961    i.mpu_set_sensors   inv_mpu.o
    0x080047b4   0x00000058   Code   RO         2962    i.mpu_write_mem     inv_mpu.o
    0x0800480c   0x0000014c   Code   RO         2639    i.send_packet       main.o
    0x08004958   0x00000064   Code   RO         2963    i.set_int_enable    inv_mpu.o
    0x080049bc   0x00000048   Code   RO         3601    i.sqrt              m_ps.l(sqrt.o)
    0x08004a04   0x00000012   Code   RO         2640    i.tap_cb            main.o
    0x08004a16   0x00000002   PAD
    0x08004a18   0x00000020   Code   RO         3437    i.updateChannel1    tim.o
    0x08004a38   0x00000020   Code   RO         3438    i.updateChannel2    tim.o
    0x08004a58   0x00000020   Code   RO         3439    i.updateChannel3    tim.o
    0x08004a78   0x00000010   Data   RO            5    .constdata          system_stm32f0xx.o
    0x08004a88   0x00000008   Data   RO            6    .constdata          system_stm32f0xx.o
    0x08004a90   0x0000001e   Data   RO         2964    .constdata          inv_mpu.o
    0x08004aae   0x0000000c   Data   RO         2965    .constdata          inv_mpu.o
    0x08004aba   0x00000002   PAD
    0x08004abc   0x00000028   Data   RO         2966    .constdata          inv_mpu.o
    0x08004ae4   0x00000bf6   Data   RO         3271    .constdata          inv_mpu_dmp_motion_driver.o
    0x080056da   0x00000006   PAD
    0x080056e0   0x00000050   Data   RO         3510    .constdata          m_ps.l(asin.o)
    0x08005730   0x00000098   Data   RO         3573    .constdata          m_ps.l(atan.o)
    0x080057c8   0x00000008   Data   RO         3599    .constdata          m_ps.l(qnan.o)
    0x080057d0   0x00000020   Data   RO         3650    Region$$Table       anon$$obj.o


    Execution Region RW_IRAM1 (Base: 0x20000000, Size: 0x00000758, Max: 0x00002000, ABSOLUTE)

    Base Addr    Size         Type   Attr      Idx    E Section Name        Object

    0x20000000   0x00000004   Data   RW            7    .data               system_stm32f0xx.o
    0x20000004   0x00000004   Data   RW         1012    .data               stm32f0xx_hal.o
    0x20000008   0x00000071   Data   RW         2642    .data               main.o
    0x20000079   0x00000001   Data   RW         2868    .data               stm32f0xx_it.o
    0x2000007a   0x00000002   PAD
    0x2000007c   0x0000002c   Data   RW         2967    .data               inv_mpu.o
    0x200000a8   0x00000004   Data   RW         3631    .data               mc_p.l(errno.o)
    0x200000ac   0x0000000e   Zero   RW         2641    .bss                main.o
    0x200000ba   0x00000002   PAD
    0x200000bc   0x0000004c   Zero   RW         2754    .bss                i2c.o
    0x20000108   0x00000070   Zero   RW         2823    .bss                usart.o
    0x20000178   0x00000010   Zero   RW         3270    .bss                inv_mpu_dmp_motion_driver.o
    0x20000188   0x000001cc   Zero   RW         3440    .bss                tim.o
    0x20000354   0x00000004   PAD
    0x20000358   0x00000400   Zero   RW         2624    STACK               startup_stm32f030x8.o


==============================================================================

Image component sizes


      Code (inc. data)   RO Data    RW Data    ZI Data      Debug   Object Name

       208         26          0          0          0        899   gpio.o
       312         52          0          0         76       2876   i2c.o
      2660        108         82         44          0      18590   inv_mpu.o
      1930        158       3062          0         16      18376   inv_mpu_dmp_motion_driver.o
      1764         78          0        113         14       8835   main.o
        28          8        180          0       1024        572   startup_stm32f030x8.o
       122         18          0          4          0       3435   stm32f0xx_hal.o
       178         28          0          0          0      10307   stm32f0xx_hal_cortex.o
        72          0          0          0          0       1047   stm32f0xx_hal_dma.o
       374         32          0          0          0       3757   stm32f0xx_hal_gpio.o
      1278         34          0          0          0      10398   stm32f0xx_hal_i2c.o
       146          0          0          0          0       1823   stm32f0xx_hal_i2c_ex.o
        56          6          0          0          0        758   stm32f0xx_hal_msp.o
      1316         94          0          0          0       4841   stm32f0xx_hal_rcc.o
       232         14          0          0          0       1308   stm32f0xx_hal_rcc_ex.o
      1404        112          0          0          0      11548   stm32f0xx_hal_tim.o
        72          0          0          0          0       1216   stm32f0xx_hal_tim_ex.o
      1512         28          0          0          0      10989   stm32f0xx_hal_uart.o
        64         14          0          1          0       1480   stm32f0xx_it.o
        92         14         24          4          0     269227   system_stm32f0xx.o
       548         72          0          0        460       4814   tim.o
       164         32          0          0        112       1478   usart.o

    ----------------------------------------------------------------------
     14554        928       3388        168       1708     388574   Object Totals
         0          0         32          0          0          0   (incl. Generated)
        22          0          8          2          6          0   (incl. Padding)

    ----------------------------------------------------------------------

      Code (inc. data)   RO Data    RW Data    ZI Data      Debug   Library Member Name

       628         54         80          0          0        104   asin.o
       540         68        152          0          0        112   atan.o
       376         42          0          0          0        144   atan2.o
        54          6          0          0          0        272   dunder.o
        44          4          0          0          0         60   fpclassify.o
       172          0          0          0          0         76   poly.o
         0          0          8          0          0          0   qnan.o
        72          6          0          0          0         76   sqrt.o
         0          0          0          0          0          0   entry.o
         0          0          0          0          0          0   entry10a.o
         0          0          0          0          0          0   entry11a.o
         8          4          0          0          0          0   entry2.o
         4          0          0          0          0          0   entry5.o
         0          0          0          0          0          0   entry7b.o
         0          0          0          0          0          0   entry8b.o
         8          4          0          0          0          0   entry9a.o
        12          6          0          4          0         60   errno.o
        30          0          0          0          0          0   handlers.o
        40          0          0          0          0         72   idiv.o
        36          8          0          0          0         68   init.o
         0          0          0          0          0          0   iusefp.o
        32          0          0          0          0         68   llshl.o
        38          0          0          0          0         68   llsshr.o
        34          0          0          0          0         68   llushr.o
        26          0          0          0          0         72   memcmp.o
        36          0          0          0          0        100   memseta.o
        44          0          0          0          0         72   uidiv.o
        40          2          0          0          0         68   cdrcmple.o
        56          0          0          0          0         68   d2f.o
       356          4          0          0          0        140   dadd.o
       240          6          0          0          0         84   ddiv.o
       236          0          0          0          0        216   depilogue.o
       208          6          0          0          0         88   dmul.o
        44          0          0          0          0         72   dscalb.o
       162          0          0          0          0         80   dsqrt.o
        40          0          0          0          0         60   f2d.o
       178          0          0          0          0        108   fadd.o
       124          0          0          0          0         72   fdiv.o
       130          0          0          0          0        144   fepilogue.o
        50          0          0          0          0         60   ffixi.o
        40          0          0          0          0         60   ffixui.o
        22          0          0          0          0         68   fflti.o
        14          0          0          0          0         68   ffltui.o
       122          0          0          0          0         72   fmul.o
        24          0          0          0          0         60   fscalb.o

    ----------------------------------------------------------------------
      4330        220        240          4          0       3080   Library Totals
        10          0          0          0          0          0   (incl. Padding)

    ----------------------------------------------------------------------

      Code (inc. data)   RO Data    RW Data    ZI Data      Debug   Library Name

      1886        180        240          0          0        844   m_ps.l
       348         22          0          4          0        648   mc_p.l
      2086         18          0          0          0       1588   mf_p.l

    ----------------------------------------------------------------------
      4330        220        240          4          0       3080   Library Totals

    ----------------------------------------------------------------------

==============================================================================


      Code (inc. data)   RO Data    RW Data    ZI Data      Debug   

     18884       1148       3628        172       1708     384406   Grand Totals
     18884       1148       3628        172       1708     384406   ELF Image Totals
     18884       1148       3628        172          0          0   ROM Totals

==============================================================================

    Total RO  Size (Code + RO Data)                22512 (  21.98kB)
    Total RW  Size (RW Data + ZI Data)              1880 (   1.84kB)
    Total ROM Size (Code + RO Data + RW Data)      22684 (  22.15kB)

==============================================================================

